Archive member included to satisfy reference by file (symbol)

S:/Softwares/STM32CubeIDE_1.18.1/STM32CubeIDE/plugins/com.st.stm32cube.ide.mcu.externaltools.gnu-tools-for-stm32.13.3.rel1.win32_1.0.0.202411081344/tools/bin/../lib/gcc/arm-none-eabi/13.3.1/../../../../arm-none-eabi/lib/thumb/v7e-m/nofp\libc_nano.a(libc_a-exit.o)
                              S:/Softwares/STM32CubeIDE_1.18.1/STM32CubeIDE/plugins/com.st.stm32cube.ide.mcu.externaltools.gnu-tools-for-stm32.13.3.rel1.win32_1.0.0.202411081344/tools/bin/../lib/gcc/arm-none-eabi/13.3.1/../../../../arm-none-eabi/lib/thumb/v7e-m/nofp/crt0.o (exit)
S:/Softwares/STM32CubeIDE_1.18.1/STM32CubeIDE/plugins/com.st.stm32cube.ide.mcu.externaltools.gnu-tools-for-stm32.13.3.rel1.win32_1.0.0.202411081344/tools/bin/../lib/gcc/arm-none-eabi/13.3.1/../../../../arm-none-eabi/lib/thumb/v7e-m/nofp\libc_nano.a(libc_a-findfp.o)
                              S:/Softwares/STM32CubeIDE_1.18.1/STM32CubeIDE/plugins/com.st.stm32cube.ide.mcu.externaltools.gnu-tools-for-stm32.13.3.rel1.win32_1.0.0.202411081344/tools/bin/../lib/gcc/arm-none-eabi/13.3.1/../../../../arm-none-eabi/lib/thumb/v7e-m/nofp\libc_nano.a(libc_a-exit.o) (__stdio_exit_handler)
S:/Softwares/STM32CubeIDE_1.18.1/STM32CubeIDE/plugins/com.st.stm32cube.ide.mcu.externaltools.gnu-tools-for-stm32.13.3.rel1.win32_1.0.0.202411081344/tools/bin/../lib/gcc/arm-none-eabi/13.3.1/../../../../arm-none-eabi/lib/thumb/v7e-m/nofp\libc_nano.a(libc_a-fwalk.o)
                              S:/Softwares/STM32CubeIDE_1.18.1/STM32CubeIDE/plugins/com.st.stm32cube.ide.mcu.externaltools.gnu-tools-for-stm32.13.3.rel1.win32_1.0.0.202411081344/tools/bin/../lib/gcc/arm-none-eabi/13.3.1/../../../../arm-none-eabi/lib/thumb/v7e-m/nofp\libc_nano.a(libc_a-findfp.o) (_fwalk_sglue)
S:/Softwares/STM32CubeIDE_1.18.1/STM32CubeIDE/plugins/com.st.stm32cube.ide.mcu.externaltools.gnu-tools-for-stm32.13.3.rel1.win32_1.0.0.202411081344/tools/bin/../lib/gcc/arm-none-eabi/13.3.1/../../../../arm-none-eabi/lib/thumb/v7e-m/nofp\libc_nano.a(libc_a-printf.o)
                              ./Core/Src/main.o (printf)
S:/Softwares/STM32CubeIDE_1.18.1/STM32CubeIDE/plugins/com.st.stm32cube.ide.mcu.externaltools.gnu-tools-for-stm32.13.3.rel1.win32_1.0.0.202411081344/tools/bin/../lib/gcc/arm-none-eabi/13.3.1/../../../../arm-none-eabi/lib/thumb/v7e-m/nofp\libc_nano.a(libc_a-stdio.o)
                              S:/Softwares/STM32CubeIDE_1.18.1/STM32CubeIDE/plugins/com.st.stm32cube.ide.mcu.externaltools.gnu-tools-for-stm32.13.3.rel1.win32_1.0.0.202411081344/tools/bin/../lib/gcc/arm-none-eabi/13.3.1/../../../../arm-none-eabi/lib/thumb/v7e-m/nofp\libc_nano.a(libc_a-findfp.o) (__sread)
S:/Softwares/STM32CubeIDE_1.18.1/STM32CubeIDE/plugins/com.st.stm32cube.ide.mcu.externaltools.gnu-tools-for-stm32.13.3.rel1.win32_1.0.0.202411081344/tools/bin/../lib/gcc/arm-none-eabi/13.3.1/../../../../arm-none-eabi/lib/thumb/v7e-m/nofp\libc_nano.a(libc_a-memset.o)
                              S:/Softwares/STM32CubeIDE_1.18.1/STM32CubeIDE/plugins/com.st.stm32cube.ide.mcu.externaltools.gnu-tools-for-stm32.13.3.rel1.win32_1.0.0.202411081344/tools/bin/../lib/gcc/arm-none-eabi/13.3.1/../../../../arm-none-eabi/lib/thumb/v7e-m/nofp/crt0.o (memset)
S:/Softwares/STM32CubeIDE_1.18.1/STM32CubeIDE/plugins/com.st.stm32cube.ide.mcu.externaltools.gnu-tools-for-stm32.13.3.rel1.win32_1.0.0.202411081344/tools/bin/../lib/gcc/arm-none-eabi/13.3.1/../../../../arm-none-eabi/lib/thumb/v7e-m/nofp\libc_nano.a(libc_a-closer.o)
                              S:/Softwares/STM32CubeIDE_1.18.1/STM32CubeIDE/plugins/com.st.stm32cube.ide.mcu.externaltools.gnu-tools-for-stm32.13.3.rel1.win32_1.0.0.202411081344/tools/bin/../lib/gcc/arm-none-eabi/13.3.1/../../../../arm-none-eabi/lib/thumb/v7e-m/nofp\libc_nano.a(libc_a-stdio.o) (_close_r)
S:/Softwares/STM32CubeIDE_1.18.1/STM32CubeIDE/plugins/com.st.stm32cube.ide.mcu.externaltools.gnu-tools-for-stm32.13.3.rel1.win32_1.0.0.202411081344/tools/bin/../lib/gcc/arm-none-eabi/13.3.1/../../../../arm-none-eabi/lib/thumb/v7e-m/nofp\libc_nano.a(libc_a-reent.o)
                              S:/Softwares/STM32CubeIDE_1.18.1/STM32CubeIDE/plugins/com.st.stm32cube.ide.mcu.externaltools.gnu-tools-for-stm32.13.3.rel1.win32_1.0.0.202411081344/tools/bin/../lib/gcc/arm-none-eabi/13.3.1/../../../../arm-none-eabi/lib/thumb/v7e-m/nofp\libc_nano.a(libc_a-closer.o) (errno)
S:/Softwares/STM32CubeIDE_1.18.1/STM32CubeIDE/plugins/com.st.stm32cube.ide.mcu.externaltools.gnu-tools-for-stm32.13.3.rel1.win32_1.0.0.202411081344/tools/bin/../lib/gcc/arm-none-eabi/13.3.1/../../../../arm-none-eabi/lib/thumb/v7e-m/nofp\libc_nano.a(libc_a-impure.o)
                              S:/Softwares/STM32CubeIDE_1.18.1/STM32CubeIDE/plugins/com.st.stm32cube.ide.mcu.externaltools.gnu-tools-for-stm32.13.3.rel1.win32_1.0.0.202411081344/tools/bin/../lib/gcc/arm-none-eabi/13.3.1/../../../../arm-none-eabi/lib/thumb/v7e-m/nofp\libc_nano.a(libc_a-printf.o) (_impure_ptr)
[...]
Memory Configuration

Name             Origin             Length             Attributes
RAM              0x20000000         0x00010000         xrw
RAM2             0x10000000         0x00008000         xrw
FLASH            0x08000000         0x00040000         xr
*default*        0x00000000         0xffffffff

Linker script and memory map

LOAD S:/Softwares/STM32CubeIDE_1.18.1/STM32CubeIDE/plugins/com.st.stm32cube.ide.mcu.externaltools.gnu-tools-for-stm32.13.3.rel1.win32_1.0.0.202411081344/tools/bin/../lib/gcc/arm-none-eabi/13.3.1/thumb/v7e-m/nofp/crti.o
LOAD S:/Softwares/STM32CubeIDE_1.18.1/STM32CubeIDE/plugins/com.st.stm32cube.ide.mcu.externaltools.gnu-tools-for-stm32.13.3.rel1.win32_1.0.0.202411081344/tools/bin/../lib/gcc/arm-none-eabi/13.3.1/thumb/v7e-m/nofp/crtbegin.o
LOAD S:/Softwares/STM32CubeIDE_1.18.1/STM32CubeIDE/plugins/com.st.stm32cube.ide.mcu.externaltools.gnu-tools-for-stm32.13.3.rel1.win32_1.0.0.202411081344/tools/bin/../lib/gcc/arm-none-eabi/13.3.1/../../../../arm-none-eabi/lib/thumb/v7e-m/nofp/crt0.o
LOAD ./Core/Src/main.o
LOAD ./Core/Src/stm32_adv_trace_if.o
LOAD ./Core/Src/stm32_lpm_if.o
LOAD ./Core/Src/stm32wlxx_hal_msp.o
LOAD ./Core/Src/stm32wlxx_it.o
LOAD ./Core/Src/sys_app.o
LOAD ./Core/Src/syscalls.o
LOAD ./Core/Src/sysmem.o
LOAD ./Core/Src/system_stm32wlxx.o
LOAD ./Core/Src/timer_if.o
LOAD ./Core/Startup/startup_stm32wl55jcix.o
LOAD ./Drivers/STM32WLxx_HAL_Driver/Src/stm32wlxx_hal.o
LOAD ./Drivers/STM32WLxx_HAL_Driver/Src/stm32wlxx_hal_cortex.o
LOAD ./Drivers/STM32WLxx_HAL_Driver/Src/stm32wlxx_hal_dma.o
LOAD ./Drivers/STM32WLxx_HAL_Driver/Src/stm32wlxx_hal_dma_ex.o
LOAD ./Drivers/STM32WLxx_HAL_Driver/Src/stm32wlxx_hal_exti.o
LOAD ./Drivers/STM32WLxx_HAL_Driver/Src/stm32wlxx_hal_flash.o
LOAD ./Drivers/STM32WLxx_HAL_Driver/Src/stm32wlxx_hal_flash_ex.o
LOAD ./Drivers/STM32WLxx_HAL_Driver/Src/stm32wlxx_hal_gpio.o
LOAD ./Drivers/STM32WLxx_HAL_Driver/Src/stm32wlxx_hal_pwr.o
LOAD ./Drivers/STM32WLxx_HAL_Driver/Src/stm32wlxx_hal_pwr_ex.o
LOAD ./Drivers/STM32WLxx_HAL_Driver/Src/stm32wlxx_hal_rcc.o
LOAD ./Drivers/STM32WLxx_HAL_Driver/Src/stm32wlxx_hal_rcc_ex.o
LOAD ./Drivers/STM32WLxx_HAL_Driver/Src/stm32wlxx_hal_subghz.o
LOAD ./Drivers/STM32WLxx_HAL_Driver/Src/stm32wlxx_hal_uart.o
LOAD ./Drivers/STM32WLxx_HAL_Driver/Src/stm32wlxx_hal_uart_ex.o
LOAD ./Middlewares/Third_Party/SubGHz_Phy/stm32_radio_driver/lr_fhss_mac.o
LOAD ./Middlewares/Third_Party/SubGHz_Phy/stm32_radio_driver/radio.o
LOAD ./Middlewares/Third_Party/SubGHz_Phy/stm32_radio_driver/radio_driver.o
LOAD ./Middlewares/Third_Party/SubGHz_Phy/stm32_radio_driver/radio_fw.o
LOAD ./Middlewares/Third_Party/SubGHz_Phy/stm32_radio_driver/wl_lr_fhss.o
LOAD ./SubGHz_Phy/App/app_subghz_phy.o
LOAD ./SubGHz_Phy/App/subghz_phy_app.o
LOAD ./SubGHz_Phy/Target/radio_board_if.o
LOAD ./Utilities/lpm/tiny_lpm/stm32_lpm.o
LOAD ./Utilities/misc/stm32_mem.o
LOAD ./Utilities/misc/stm32_systime.o
LOAD ./Utilities/misc/stm32_tiny_sscanf.o
LOAD ./Utilities/misc/stm32_tiny_vsnprintf.o
LOAD ./Utilities/sequencer/stm32_seq.o
LOAD ./Utilities/timer/stm32_timer.o
LOAD ./Utilities/trace/adv_trace/stm32_adv_trace.o
START GROUP
LOAD S:/Softwares/STM32CubeIDE_1.18.1/STM32CubeIDE/plugins/com.st.stm32cube.ide.mcu.externaltools.gnu-tools-for-stm32.13.3.rel1.win32_1.0.0.202411081344/tools/bin/../lib/gcc/arm-none-eabi/13.3.1/../../../../arm-none-eabi/lib/thumb/v7e-m/nofp\libc_nano.a
LOAD S:/Softwares/STM32CubeIDE_1.18.1/STM32CubeIDE/plugins/com.st.stm32cube.ide.mcu.externaltools.gnu-tools-for-stm32.13.3.rel1.win32_1.0.0.202411081344/tools/bin/../lib/gcc/arm-none-eabi/13.3.1/../../../../arm-none-eabi/lib/thumb/v7e-m/nofp\libm.a
END GROUP
START GROUP
LOAD S:/Softwares/STM32CubeIDE_1.18.1/STM32CubeIDE/plugins/com.st.stm32cube.ide.mcu.externaltools.gnu-tools-for-stm32.13.3.rel1.win32_1.0.0.202411081344/tools/bin/../lib/gcc/arm-none-eabi/13.3.1/thumb/v7e-m/nofp\libgcc.a
LOAD S:/Softwares/STM32CubeIDE_1.18.1/STM32CubeIDE/plugins/com.st.stm32cube.ide.mcu.externaltools.gnu-tools-for-stm32.13.3.rel1.win32_1.0.0.202411081344/tools/bin/../lib/gcc/arm-none-eabi/13.3.1/../../../../arm-none-eabi/lib/thumb/v7e-m/nofp\libc_nano.a
END GROUP
START GROUP
LOAD S:/Softwares/STM32CubeIDE_1.18.1/STM32CubeIDE/plugins/com.st.stm32cube.ide.mcu.externaltools.gnu-tools-for-stm32.13.3.rel1.win32_1.0.0.202411081344/tools/bin/../lib/gcc/arm-none-eabi/13.3.1/thumb/v7e-m/nofp\libgcc.a
LOAD S:/Softwares/STM32CubeIDE_1.18.1/STM32CubeIDE/plugins/com.st.stm32cube.ide.mcu.externaltools.gnu-tools-for-stm32.13.3.rel1.win32_1.0.0.202411081344/tools/bin/../lib/gcc/arm-none-eabi/13.3.1/../../../../arm-none-eabi/lib/thumb/v7e-m/nofp\libc_nano.a
LOAD S:/Softwares/STM32CubeIDE_1.18.1/STM32CubeIDE/plugins/com.st.stm32cube.ide.mcu.externaltools.gnu-tools-for-stm32.13.3.rel1.win32_1.0.0.202411081344/tools/bin/../lib/gcc/arm-none-eabi/13.3.1/../../../../arm-none-eabi/lib/thumb/v7e-m/nofp\libnosys.a
END GROUP
START GROUP
LOAD S:/Softwares/STM32CubeIDE_1.18.1/STM32CubeIDE/plugins/com.st.stm32cube.ide.mcu.externaltools.gnu-tools-for-stm32.13.3.rel1.win32_1.0.0.202411081344/tools/bin/../lib/gcc/arm-none-eabi/13.3.1/thumb/v7e-m/nofp\libgcc.a
LOAD S:/Softwares/STM32CubeIDE_1.18.1/STM32CubeIDE/plugins/com.st.stm32cube.ide.mcu.externaltools.gnu-tools-for-stm32.13.3.rel1.win32_1.0.0.202411081344/tools/bin/../lib/gcc/arm-none-eabi/13.3.1/../../../../arm-none-eabi/lib/thumb/v7e-m/nofp\libc_nano.a
LOAD S:/Softwares/STM32CubeIDE_1.18.1/STM32CubeIDE/plugins/com.st.stm32cube.ide.mcu.externaltools.gnu-tools-for-stm32.13.3.rel1.win32_1.0.0.202411081344/tools/bin/../lib/gcc/arm-none-eabi/13.3.1/../../../../arm-none-eabi/lib/thumb/v7e-m/nofp\libnosys.a
END GROUP
LOAD S:/Softwares/STM32CubeIDE_1.18.1/STM32CubeIDE/plugins/com.st.stm32cube.ide.mcu.externaltools.gnu-tools-for-stm32.13.3.rel1.win32_1.0.0.202411081344/tools/bin/../lib/gcc/arm-none-eabi/13.3.1/thumb/v7e-m/nofp/crtend.o
LOAD S:/Softwares/STM32CubeIDE_1.18.1/STM32CubeIDE/plugins/com.st.stm32cube.ide.mcu.externaltools.gnu-tools-for-stm32.13.3.rel1.win32_1.0.0.202411081344/tools/bin/../lib/gcc/arm-none-eabi/13.3.1/thumb/v7e-m/nofp/crtn.o
                0x20010000                        _estack = (ORIGIN (RAM) + LENGTH (RAM))
                0x00000200                        _Min_Heap_Size = 0x200
                0x00000400                        _Min_Stack_Size = 0x400

.isr_vector     0x08000000      0x138
                0x08000000                        . = ALIGN (0x4)
 *(.isr_vector)
 .isr_vector    0x08000000      0x138 ./Core/Startup/startup_stm32wl55jcix.o
                0x08000000                g_pfnVectors
                0x08000138                        . = ALIGN (0x4)

.text           0x08000140     0x85e0
                0x08000140                        . = ALIGN (0x4)
 *(.text)
 .text          0x08000140       0x40 S:/Softwares/STM32CubeIDE_1.18.1/STM32CubeIDE/plugins/com.st.stm32cube.ide.mcu.externaltools.gnu-tools-for-stm32.13.3.rel1.win32_1.0.0.202411081344/tools/bin/../lib/gcc/arm-none-eabi/13.3.1/thumb/v7e-m/nofp/crtbegin.o
 .text          0x08000180       0xa0 S:/Softwares/STM32CubeIDE_1.18.1/STM32CubeIDE/plugins/com.st.stm32cube.ide.mcu.externaltools.gnu-tools-for-stm32.13.3.rel1.win32_1.0.0.202411081344/tools/bin/../lib/gcc/arm-none-eabi/13.3.1/../../../../arm-none-eabi/lib/thumb/v7e-m/nofp\libc_nano.a(libc_a-memchr.o)
                0x08000180                memchr
 .text          0x08000220       0x30 S:/Softwares/STM32CubeIDE_1.18.1/STM32CubeIDE/plugins/com.st.stm32cube.ide.mcu.externaltools.gnu-tools-for-stm32.13.3.rel1.win32_1.0.0.202411081344/tools/bin/../lib/gcc/arm-none-eabi/13.3.1/thumb/v7e-m/nofp\libgcc.a(_aeabi_uldivmod.o)
                0x08000220                __aeabi_uldivmod
 .text          0x08000250      0x2f8 S:/Softwares/STM32CubeIDE_1.18.1/STM32CubeIDE/plugins/com.st.stm32cube.ide.mcu.externaltools.gnu-tools-for-stm32.13.3.rel1.win32_1.0.0.202411081344/tools/bin/../lib/gcc/arm-none-eabi/13.3.1/thumb/v7e-m/nofp\libgcc.a(_udivmoddi4.o)
                0x08000250                __udivmoddi4
 .text          0x08000548        0x4 S:/Softwares/STM32CubeIDE_1.18.1/STM32CubeIDE/plugins/com.st.stm32cube.ide.mcu.externaltools.gnu-tools-for-stm32.13.3.rel1.win32_1.0.0.202411081344/tools/bin/../lib/gcc/arm-none-eabi/13.3.1/thumb/v7e-m/nofp\libgcc.a(_dvmd_tls.o)
                0x08000548                __aeabi_idiv0
                0x08000548                __aeabi_ldiv0
 *(.text*)
 .text.LL_AHB2_GRP1_EnableClock
                0x0800054c       0x30 ./Core/Src/main.o
 .text.__io_putchar
                0x0800057c       0x24 ./Core/Src/main.o
                0x0800057c                __io_putchar
 .text.main     0x080005a0       0x44 ./Core/Src/main.o
                0x080005a0                main
 .text.SystemClock_Config
                0x080005e4       0xc0 ./Core/Src/main.o
                0x080005e4                SystemClock_Config
 .text.MX_SUBGHZ_Init
                0x080006a4       0x24 ./Core/Src/main.o
                0x080006a4                MX_SUBGHZ_Init
 .text.MX_USART1_UART_Init
                0x080006c8       0x98 ./Core/Src/main.o
 .text.MX_USART2_UART_Init
                0x08000760       0x98 ./Core/Src/main.o
 .text.MX_GPIO_Init
                0x080007f8       0x9c ./Core/Src/main.o
 .text.Error_Handler
                0x08000894        0xc ./Core/Src/main.o
                0x08000894                Error_Handler
 .text.LL_AHB2_GRP1_EnableClock
                0x080008a0       0x30 ./Core/Src/stm32wlxx_hal_msp.o
 .text.LL_APB1_GRP1_EnableClock
                0x080008d0       0x30 ./Core/Src/stm32wlxx_hal_msp.o
 .text.LL_APB2_GRP1_EnableClock
                0x08000900       0x30 ./Core/Src/stm32wlxx_hal_msp.o
 .text.LL_APB3_GRP1_EnableClock
                0x08000930       0x30 ./Core/Src/stm32wlxx_hal_msp.o
 .text.LL_SYSCFG_EnableFastModePlus
                0x08000960       0x24 ./Core/Src/stm32wlxx_hal_msp.o
 .text.HAL_MspInit
                0x08000984        0xc ./Core/Src/stm32wlxx_hal_msp.o
                0x08000984                HAL_MspInit
 .text.HAL_SUBGHZ_MspInit
                0x08000990       0x16 ./Core/Src/stm32wlxx_hal_msp.o
                0x08000990                HAL_SUBGHZ_MspInit
 *fill*         0x080009a6        0x2 
 .text.HAL_UART_MspInit
                0x080009a8      0x11c ./Core/Src/stm32wlxx_hal_msp.o
                0x080009a8                HAL_UART_MspInit
 .text.NMI_Handler
                0x08000ac4        0x8 ./Core/Src/stm32wlxx_it.o
                0x08000ac4                NMI_Handler
 .text.HardFault_Handler
                0x08000acc        0x8 ./Core/Src/stm32wlxx_it.o
                0x08000acc                HardFault_Handler
 .text.MemManage_Handler
                0x08000ad4        0x8 ./Core/Src/stm32wlxx_it.o
                0x08000ad4                MemManage_Handler
 .text.BusFault_Handler
                0x08000adc        0x8 ./Core/Src/stm32wlxx_it.o
                0x08000adc                BusFault_Handler
 .text.UsageFault_Handler
                0x08000ae4        0x8 ./Core/Src/stm32wlxx_it.o
                0x08000ae4                UsageFault_Handler
 .text.SVC_Handler
                0x08000aec        0xc ./Core/Src/stm32wlxx_it.o
                0x08000aec                SVC_Handler
 .text.DebugMon_Handler
                0x08000af8        0xc ./Core/Src/stm32wlxx_it.o
                0x08000af8                DebugMon_Handler
 .text.PendSV_Handler
                0x08000b04        0xc ./Core/Src/stm32wlxx_it.o
                0x08000b04                PendSV_Handler
 .text.SysTick_Handler
                0x08000b10        0xc ./Core/Src/stm32wlxx_it.o
                0x08000b10                SysTick_Handler
 .text.SystemApp_Init
                0x08000b1c        0xc ./Core/Src/sys_app.o
                0x08000b1c                SystemApp_Init
 .text._read    0x08000b28       0x3a ./Core/Src/syscalls.o
                0x08000b28                _read
 .text._write   0x08000b62       0x38 ./Core/Src/syscalls.o
                0x08000b62                _write
 .text._close   0x08000b9a       0x16 ./Core/Src/syscalls.o
                0x08000b9a                _close
 .text._fstat   0x08000bb0       0x1e ./Core/Src/syscalls.o
                0x08000bb0                _fstat
 .text._isatty  0x08000bce       0x14 ./Core/Src/syscalls.o
                0x08000bce                _isatty
 .text._lseek   0x08000be2       0x18 ./Core/Src/syscalls.o
                0x08000be2                _lseek
 *fill*         0x08000bfa        0x2 
 .text._sbrk    0x08000bfc       0x6c ./Core/Src/sysmem.o
                0x08000bfc                _sbrk
 .text.SystemInit
                0x08000c68        0xc ./Core/Src/system_stm32wlxx.o
                0x08000c68                SystemInit
 .text.SystemCoreClockUpdate
                0x08000c74      0x168 ./Core/Src/system_stm32wlxx.o
                0x08000c74                SystemCoreClockUpdate
 .text.TIMER_IF_Init
                0x08000ddc       0x16 ./Core/Src/timer_if.o
                0x08000ddc                TIMER_IF_Init
 .text.TIMER_IF_StartTimer
                0x08000df2       0x18 ./Core/Src/timer_if.o
                0x08000df2                TIMER_IF_StartTimer
 .text.TIMER_IF_StopTimer
                0x08000e0a       0x16 ./Core/Src/timer_if.o
                0x08000e0a                TIMER_IF_StopTimer
 .text.TIMER_IF_SetTimerContext
                0x08000e20       0x14 ./Core/Src/timer_if.o
                0x08000e20                TIMER_IF_SetTimerContext
 .text.TIMER_IF_GetTimerContext
                0x08000e34       0x14 ./Core/Src/timer_if.o
                0x08000e34                TIMER_IF_GetTimerContext
 .text.TIMER_IF_GetTimerElapsedTime
                0x08000e48       0x16 ./Core/Src/timer_if.o
                0x08000e48                TIMER_IF_GetTimerElapsedTime
 .text.TIMER_IF_GetTimerValue
                0x08000e5e       0x16 ./Core/Src/timer_if.o
                0x08000e5e                TIMER_IF_GetTimerValue
 .text.TIMER_IF_GetMinimumTimeout
                0x08000e74       0x16 ./Core/Src/timer_if.o
                0x08000e74                TIMER_IF_GetMinimumTimeout
 .text.TIMER_IF_Convert_ms2Tick
                0x08000e8a       0x18 ./Core/Src/timer_if.o
                0x08000e8a                TIMER_IF_Convert_ms2Tick
 .text.TIMER_IF_Convert_Tick2ms
                0x08000ea2       0x18 ./Core/Src/timer_if.o
                0x08000ea2                TIMER_IF_Convert_Tick2ms
 *fill*         0x08000eba        0x2 
 .text.Reset_Handler
                0x08000ebc       0x50 ./Core/Startup/startup_stm32wl55jcix.o
                0x08000ebc                Reset_Handler
 .text.Default_Handler
                0x08000f0c        0x2 ./Core/Startup/startup_stm32wl55jcix.o
                0x08000f0c                RTC_Alarm_IRQHandler
                0x08000f0c                EXTI2_IRQHandler
                0x08000f0c                TIM1_CC_IRQHandler
                0x08000f0c                EXTI3_IRQHandler
                0x08000f0c                LPTIM2_IRQHandler
                0x08000f0c                I2C3_ER_IRQHandler
                0x08000f0c                LPTIM3_IRQHandler
                0x08000f0c                EXTI0_IRQHandler
                0x08000f0c                I2C2_EV_IRQHandler
                0x08000f0c                TAMP_STAMP_LSECSS_SSRU_IRQHandler
                0x08000f0c                SPI1_IRQHandler
                0x08000f0c                DMA2_Channel2_IRQHandler
                0x08000f0c                DMA1_Channel4_IRQHandler
                0x08000f0c                PKA_IRQHandler
                0x08000f0c                TIM17_IRQHandler
                0x08000f0c                DMA1_Channel7_IRQHandler
                0x08000f0c                SUBGHZSPI_IRQHandler
                0x08000f0c                IPCC_C1_TX_IRQHandler
                0x08000f0c                DMA2_Channel1_IRQHandler
                0x08000f0c                I2C1_EV_IRQHandler
                0x08000f0c                SUBGHZ_Radio_IRQHandler
                0x08000f0c                DMAMUX1_OVR_IRQHandler
                0x08000f0c                DMA1_Channel6_IRQHandler
                0x08000f0c                TIM16_IRQHandler
                0x08000f0c                DMA2_Channel4_IRQHandler
                0x08000f0c                RCC_IRQHandler
                0x08000f0c                TIM1_TRG_COM_IRQHandler
                0x08000f0c                DMA1_Channel1_IRQHandler
                0x08000f0c                Default_Handler
                0x08000f0c                DMA2_Channel7_IRQHandler
                0x08000f0c                EXTI15_10_IRQHandler
                0x08000f0c                IPCC_C1_RX_IRQHandler
                0x08000f0c                ADC_IRQHandler
                0x08000f0c                C2SEV_PWR_C2H_IRQHandler
                0x08000f0c                I2C3_EV_IRQHandler
                0x08000f0c                EXTI9_5_IRQHandler
                0x08000f0c                RTC_WKUP_IRQHandler
                0x08000f0c                PVD_PVM_IRQHandler
                0x08000f0c                SPI2_IRQHandler
                0x08000f0c                DMA2_Channel5_IRQHandler
                0x08000f0c                DMA1_Channel5_IRQHandler
                0x08000f0c                EXTI4_IRQHandler
                0x08000f0c                RNG_IRQHandler
                0x08000f0c                DMA1_Channel3_IRQHandler
                0x08000f0c                COMP_IRQHandler
                0x08000f0c                HSEM_IRQHandler
                0x08000f0c                TIM1_UP_IRQHandler
                0x08000f0c                WWDG_IRQHandler
                0x08000f0c                LPUART1_IRQHandler
                0x08000f0c                DMA2_Channel6_IRQHandler
                0x08000f0c                TIM2_IRQHandler
                0x08000f0c                TIM1_BRK_IRQHandler
                0x08000f0c                DAC_IRQHandler
                0x08000f0c                EXTI1_IRQHandler
                0x08000f0c                AES_IRQHandler
                0x08000f0c                USART2_IRQHandler
                0x08000f0c                I2C2_ER_IRQHandler
                0x08000f0c                DMA1_Channel2_IRQHandler
                0x08000f0c                FLASH_IRQHandler
                0x08000f0c                USART1_IRQHandler
                0x08000f0c                I2C1_ER_IRQHandler
                0x08000f0c                LPTIM1_IRQHandler
                0x08000f0c                DMA2_Channel3_IRQHandler
 *fill*         0x08000f0e        0x2 
 .text.HAL_Init
                0x08000f10       0x40 ./Drivers/STM32WLxx_HAL_Driver/Src/stm32wlxx_hal.o
                0x08000f10                HAL_Init
 .text.HAL_InitTick
                0x08000f50       0x74 ./Drivers/STM32WLxx_HAL_Driver/Src/stm32wlxx_hal.o
                0x08000f50                HAL_InitTick
 .text.HAL_IncTick
                0x08000fc4       0x24 ./Drivers/STM32WLxx_HAL_Driver/Src/stm32wlxx_hal.o
                0x08000fc4                HAL_IncTick
 .text.HAL_GetTick
                0x08000fe8       0x14 ./Drivers/STM32WLxx_HAL_Driver/Src/stm32wlxx_hal.o
                0x08000fe8                HAL_GetTick
 .text.HAL_Delay
                0x08000ffc       0x48 ./Drivers/STM32WLxx_HAL_Driver/Src/stm32wlxx_hal.o
                0x08000ffc                HAL_Delay
 .text.__NVIC_SetPriorityGrouping
                0x08001044       0x48 ./Drivers/STM32WLxx_HAL_Driver/Src/stm32wlxx_hal_cortex.o
 .text.__NVIC_GetPriorityGrouping
                0x0800108c       0x1c ./Drivers/STM32WLxx_HAL_Driver/Src/stm32wlxx_hal_cortex.o
 .text.__NVIC_SetPriority
                0x080010a8       0x54 ./Drivers/STM32WLxx_HAL_Driver/Src/stm32wlxx_hal_cortex.o
 .text.NVIC_EncodePriority
                0x080010fc       0x64 ./Drivers/STM32WLxx_HAL_Driver/Src/stm32wlxx_hal_cortex.o
 .text.SysTick_Config
                0x08001160       0x44 ./Drivers/STM32WLxx_HAL_Driver/Src/stm32wlxx_hal_cortex.o
 .text.HAL_NVIC_SetPriorityGrouping
                0x080011a4       0x16 ./Drivers/STM32WLxx_HAL_Driver/Src/stm32wlxx_hal_cortex.o
                0x080011a4                HAL_NVIC_SetPriorityGrouping
 .text.HAL_NVIC_SetPriority
                0x080011ba       0x34 ./Drivers/STM32WLxx_HAL_Driver/Src/stm32wlxx_hal_cortex.o
                0x080011ba                HAL_NVIC_SetPriority
 .text.HAL_SYSTICK_Config
                0x080011ee       0x18 ./Drivers/STM32WLxx_HAL_Driver/Src/stm32wlxx_hal_cortex.o
                0x080011ee                HAL_SYSTICK_Config
 *fill*         0x08001206        0x2 
 .text.HAL_GPIO_Init
                0x08001208      0x2c0 ./Drivers/STM32WLxx_HAL_Driver/Src/stm32wlxx_hal_gpio.o
                0x08001208                HAL_GPIO_Init
 .text.HAL_GPIO_WritePin
                0x080014c8       0x2e ./Drivers/STM32WLxx_HAL_Driver/Src/stm32wlxx_hal_gpio.o
                0x080014c8                HAL_GPIO_WritePin
 *fill*         0x080014f6        0x2 
 .text.HAL_PWR_EnableBkUpAccess
                0x080014f8       0x1c ./Drivers/STM32WLxx_HAL_Driver/Src/stm32wlxx_hal_pwr.o
                0x080014f8                HAL_PWR_EnableBkUpAccess
 .text.HAL_PWREx_GetVoltageRange
                0x08001514       0x18 ./Drivers/STM32WLxx_HAL_Driver/Src/stm32wlxx_hal_pwr_ex.o
                0x08001514                HAL_PWREx_GetVoltageRange
 .text.LL_PWR_IsEnabledBkUpAccess
                0x0800152c       0x24 ./Drivers/STM32WLxx_HAL_Driver/Src/stm32wlxx_hal_rcc.o
 .text.LL_RCC_HSE_EnableTcxo
                0x08001550       0x1c ./Drivers/STM32WLxx_HAL_Driver/Src/stm32wlxx_hal_rcc.o
 .text.LL_RCC_HSE_DisableTcxo
                0x0800156c       0x1c ./Drivers/STM32WLxx_HAL_Driver/Src/stm32wlxx_hal_rcc.o
 .text.LL_RCC_HSE_IsEnabledDiv2
                0x08001588       0x22 ./Drivers/STM32WLxx_HAL_Driver/Src/stm32wlxx_hal_rcc.o
 .text.LL_RCC_HSE_Enable
                0x080015aa       0x1c ./Drivers/STM32WLxx_HAL_Driver/Src/stm32wlxx_hal_rcc.o
 .text.LL_RCC_HSE_Disable
                0x080015c6       0x1c ./Drivers/STM32WLxx_HAL_Driver/Src/stm32wlxx_hal_rcc.o
 .text.LL_RCC_HSE_IsReady
                0x080015e2       0x22 ./Drivers/STM32WLxx_HAL_Driver/Src/stm32wlxx_hal_rcc.o
 .text.LL_RCC_HSI_Enable
                0x08001604       0x1c ./Drivers/STM32WLxx_HAL_Driver/Src/stm32wlxx_hal_rcc.o
 .text.LL_RCC_HSI_Disable
                0x08001620       0x1c ./Drivers/STM32WLxx_HAL_Driver/Src/stm32wlxx_hal_rcc.o
 .text.LL_RCC_HSI_IsReady
                0x0800163c       0x22 ./Drivers/STM32WLxx_HAL_Driver/Src/stm32wlxx_hal_rcc.o
 .text.LL_RCC_HSI_SetCalibTrimming
                0x0800165e       0x28 ./Drivers/STM32WLxx_HAL_Driver/Src/stm32wlxx_hal_rcc.o
 .text.LL_RCC_LSE_IsReady
                0x08001686       0x22 ./Drivers/STM32WLxx_HAL_Driver/Src/stm32wlxx_hal_rcc.o
 .text.LL_RCC_LSI_Enable
                0x080016a8       0x20 ./Drivers/STM32WLxx_HAL_Driver/Src/stm32wlxx_hal_rcc.o
 .text.LL_RCC_LSI_Disable
                0x080016c8       0x20 ./Drivers/STM32WLxx_HAL_Driver/Src/stm32wlxx_hal_rcc.o
 .text.LL_RCC_LSI_IsReady
                0x080016e8       0x22 ./Drivers/STM32WLxx_HAL_Driver/Src/stm32wlxx_hal_rcc.o
 .text.LL_RCC_MSI_Enable
                0x0800170a       0x1c ./Drivers/STM32WLxx_HAL_Driver/Src/stm32wlxx_hal_rcc.o
 .text.LL_RCC_MSI_Disable
                0x08001726       0x1c ./Drivers/STM32WLxx_HAL_Driver/Src/stm32wlxx_hal_rcc.o
 .text.LL_RCC_MSI_IsReady
                0x08001742       0x20 ./Drivers/STM32WLxx_HAL_Driver/Src/stm32wlxx_hal_rcc.o
 .text.LL_RCC_MSI_IsEnabledRangeSelect
                0x08001762       0x20 ./Drivers/STM32WLxx_HAL_Driver/Src/stm32wlxx_hal_rcc.o
 .text.LL_RCC_MSI_GetRange
                0x08001782       0x16 ./Drivers/STM32WLxx_HAL_Driver/Src/stm32wlxx_hal_rcc.o
 .text.LL_RCC_MSI_GetRangeAfterStandby
                0x08001798       0x18 ./Drivers/STM32WLxx_HAL_Driver/Src/stm32wlxx_hal_rcc.o
 .text.LL_RCC_MSI_SetCalibTrimming
                0x080017b0       0x28 ./Drivers/STM32WLxx_HAL_Driver/Src/stm32wlxx_hal_rcc.o
 .text.LL_RCC_SetSysClkSource
                0x080017d8       0x26 ./Drivers/STM32WLxx_HAL_Driver/Src/stm32wlxx_hal_rcc.o
 .text.LL_RCC_GetSysClkSource
                0x080017fe       0x16 ./Drivers/STM32WLxx_HAL_Driver/Src/stm32wlxx_hal_rcc.o
 .text.LL_RCC_SetAHBPrescaler
                0x08001814       0x26 ./Drivers/STM32WLxx_HAL_Driver/Src/stm32wlxx_hal_rcc.o
 .text.LL_C2_RCC_SetAHBPrescaler
                0x0800183a       0x2a ./Drivers/STM32WLxx_HAL_Driver/Src/stm32wlxx_hal_rcc.o
 .text.LL_RCC_SetAHB3Prescaler
                0x08001864       0x2c ./Drivers/STM32WLxx_HAL_Driver/Src/stm32wlxx_hal_rcc.o
 .text.LL_RCC_SetAPB1Prescaler
                0x08001890       0x26 ./Drivers/STM32WLxx_HAL_Driver/Src/stm32wlxx_hal_rcc.o
 .text.LL_RCC_SetAPB2Prescaler
                0x080018b6       0x26 ./Drivers/STM32WLxx_HAL_Driver/Src/stm32wlxx_hal_rcc.o
 .text.LL_RCC_GetAHBPrescaler
                0x080018dc       0x16 ./Drivers/STM32WLxx_HAL_Driver/Src/stm32wlxx_hal_rcc.o
 .text.LL_RCC_GetAHB3Prescaler
                0x080018f2       0x1a ./Drivers/STM32WLxx_HAL_Driver/Src/stm32wlxx_hal_rcc.o
 .text.LL_RCC_GetAPB1Prescaler
                0x0800190c       0x16 ./Drivers/STM32WLxx_HAL_Driver/Src/stm32wlxx_hal_rcc.o
 .text.LL_RCC_GetAPB2Prescaler
                0x08001922       0x16 ./Drivers/STM32WLxx_HAL_Driver/Src/stm32wlxx_hal_rcc.o
 .text.LL_RCC_PLL_Enable
                0x08001938       0x1c ./Drivers/STM32WLxx_HAL_Driver/Src/stm32wlxx_hal_rcc.o
 .text.LL_RCC_PLL_Disable
                0x08001954       0x1c ./Drivers/STM32WLxx_HAL_Driver/Src/stm32wlxx_hal_rcc.o
 .text.LL_RCC_PLL_IsReady
                0x08001970       0x22 ./Drivers/STM32WLxx_HAL_Driver/Src/stm32wlxx_hal_rcc.o
 .text.LL_RCC_PLL_GetN
                0x08001992       0x18 ./Drivers/STM32WLxx_HAL_Driver/Src/stm32wlxx_hal_rcc.o
 .text.LL_RCC_PLL_GetR
                0x080019aa       0x16 ./Drivers/STM32WLxx_HAL_Driver/Src/stm32wlxx_hal_rcc.o
 .text.LL_RCC_PLL_GetDivider
                0x080019c0       0x16 ./Drivers/STM32WLxx_HAL_Driver/Src/stm32wlxx_hal_rcc.o
 .text.LL_RCC_PLL_GetMainSource
                0x080019d6       0x16 ./Drivers/STM32WLxx_HAL_Driver/Src/stm32wlxx_hal_rcc.o
 .text.LL_RCC_IsActiveFlag_HPRE
                0x080019ec       0x22 ./Drivers/STM32WLxx_HAL_Driver/Src/stm32wlxx_hal_rcc.o
 .text.LL_RCC_IsActiveFlag_C2HPRE
                0x08001a0e       0x24 ./Drivers/STM32WLxx_HAL_Driver/Src/stm32wlxx_hal_rcc.o
 .text.LL_RCC_IsActiveFlag_SHDHPRE
                0x08001a32       0x24 ./Drivers/STM32WLxx_HAL_Driver/Src/stm32wlxx_hal_rcc.o
 .text.LL_RCC_IsActiveFlag_PPRE1
                0x08001a56       0x22 ./Drivers/STM32WLxx_HAL_Driver/Src/stm32wlxx_hal_rcc.o
 .text.LL_RCC_IsActiveFlag_PPRE2
                0x08001a78       0x22 ./Drivers/STM32WLxx_HAL_Driver/Src/stm32wlxx_hal_rcc.o
 *fill*         0x08001a9a        0x2 
 .text.HAL_RCC_OscConfig
                0x08001a9c      0x704 ./Drivers/STM32WLxx_HAL_Driver/Src/stm32wlxx_hal_rcc.o
                0x08001a9c                HAL_RCC_OscConfig
 .text.HAL_RCC_ClockConfig
                0x080021a0      0x284 ./Drivers/STM32WLxx_HAL_Driver/Src/stm32wlxx_hal_rcc.o
                0x080021a0                HAL_RCC_ClockConfig
 .text.HAL_RCC_GetSysClockFreq
                0x08002424      0x140 ./Drivers/STM32WLxx_HAL_Driver/Src/stm32wlxx_hal_rcc.o
                0x08002424                HAL_RCC_GetSysClockFreq
 .text.HAL_RCC_GetHCLKFreq
                0x08002564       0x28 ./Drivers/STM32WLxx_HAL_Driver/Src/stm32wlxx_hal_rcc.o
                0x08002564                HAL_RCC_GetHCLKFreq
 .text.HAL_RCC_GetPCLK1Freq
                0x0800258c       0x24 ./Drivers/STM32WLxx_HAL_Driver/Src/stm32wlxx_hal_rcc.o
                0x0800258c                HAL_RCC_GetPCLK1Freq
 .text.HAL_RCC_GetPCLK2Freq
                0x080025b0       0x24 ./Drivers/STM32WLxx_HAL_Driver/Src/stm32wlxx_hal_rcc.o
                0x080025b0                HAL_RCC_GetPCLK2Freq
 .text.RCC_SetFlashLatencyFromMSIRange
                0x080025d4       0x60 ./Drivers/STM32WLxx_HAL_Driver/Src/stm32wlxx_hal_rcc.o
 .text.RCC_SetFlashLatency
                0x08002634      0x104 ./Drivers/STM32WLxx_HAL_Driver/Src/stm32wlxx_hal_rcc.o
 .text.LL_RCC_LSE_IsReady
                0x08002738       0x22 ./Drivers/STM32WLxx_HAL_Driver/Src/stm32wlxx_hal_rcc_ex.o
 .text.LL_RCC_SetUSARTClockSource
                0x0800275a       0x30 ./Drivers/STM32WLxx_HAL_Driver/Src/stm32wlxx_hal_rcc_ex.o
 .text.LL_RCC_SetI2SClockSource
                0x0800278a       0x2a ./Drivers/STM32WLxx_HAL_Driver/Src/stm32wlxx_hal_rcc_ex.o
 .text.LL_RCC_SetLPUARTClockSource
                0x080027b4       0x2a ./Drivers/STM32WLxx_HAL_Driver/Src/stm32wlxx_hal_rcc_ex.o
 .text.LL_RCC_SetI2CClockSource
                0x080027de       0x38 ./Drivers/STM32WLxx_HAL_Driver/Src/stm32wlxx_hal_rcc_ex.o
 .text.LL_RCC_SetLPTIMClockSource
                0x08002816       0x32 ./Drivers/STM32WLxx_HAL_Driver/Src/stm32wlxx_hal_rcc_ex.o
 .text.LL_RCC_SetRNGClockSource
                0x08002848       0x2a ./Drivers/STM32WLxx_HAL_Driver/Src/stm32wlxx_hal_rcc_ex.o
 .text.LL_RCC_SetADCClockSource
                0x08002872       0x2a ./Drivers/STM32WLxx_HAL_Driver/Src/stm32wlxx_hal_rcc_ex.o
 .text.LL_RCC_SetRTCClockSource
                0x0800289c       0x2a ./Drivers/STM32WLxx_HAL_Driver/Src/stm32wlxx_hal_rcc_ex.o
 .text.LL_RCC_GetRTCClockSource
                0x080028c6       0x18 ./Drivers/STM32WLxx_HAL_Driver/Src/stm32wlxx_hal_rcc_ex.o
 .text.LL_RCC_ForceBackupDomainReset
                0x080028de       0x20 ./Drivers/STM32WLxx_HAL_Driver/Src/stm32wlxx_hal_rcc_ex.o
 .text.LL_RCC_ReleaseBackupDomainReset
                0x080028fe       0x20 ./Drivers/STM32WLxx_HAL_Driver/Src/stm32wlxx_hal_rcc_ex.o
 *fill*         0x0800291e        0x2 
 .text.HAL_RCCEx_PeriphCLKConfig
                0x08002920      0x234 ./Drivers/STM32WLxx_HAL_Driver/Src/stm32wlxx_hal_rcc_ex.o
                0x08002920                HAL_RCCEx_PeriphCLKConfig
 .text.LL_PWR_SetRadioBusyTrigger
                0x08002b54       0x28 ./Drivers/STM32WLxx_HAL_Driver/Src/stm32wlxx_hal_subghz.o
 .text.LL_PWR_UnselectSUBGHZSPI_NSS
                0x08002b7c       0x20 ./Drivers/STM32WLxx_HAL_Driver/Src/stm32wlxx_hal_subghz.o
 .text.LL_PWR_SelectSUBGHZSPI_NSS
                0x08002b9c       0x20 ./Drivers/STM32WLxx_HAL_Driver/Src/stm32wlxx_hal_subghz.o
 .text.LL_PWR_ClearFlag_RFBUSY
                0x08002bbc       0x18 ./Drivers/STM32WLxx_HAL_Driver/Src/stm32wlxx_hal_subghz.o
 .text.LL_PWR_IsActiveFlag_RFBUSYS
                0x08002bd4       0x24 ./Drivers/STM32WLxx_HAL_Driver/Src/stm32wlxx_hal_subghz.o
 .text.LL_PWR_IsActiveFlag_RFBUSYMS
                0x08002bf8       0x24 ./Drivers/STM32WLxx_HAL_Driver/Src/stm32wlxx_hal_subghz.o
 .text.LL_RCC_RF_DisableReset
                0x08002c1c       0x20 ./Drivers/STM32WLxx_HAL_Driver/Src/stm32wlxx_hal_subghz.o
 .text.LL_RCC_IsRFUnderReset
                0x08002c3c       0x24 ./Drivers/STM32WLxx_HAL_Driver/Src/stm32wlxx_hal_subghz.o
 .text.LL_EXTI_EnableIT_32_63
                0x08002c60       0x28 ./Drivers/STM32WLxx_HAL_Driver/Src/stm32wlxx_hal_subghz.o
 .text.HAL_SUBGHZ_Init
                0x08002c88       0xc8 ./Drivers/STM32WLxx_HAL_Driver/Src/stm32wlxx_hal_subghz.o
                0x08002c88                HAL_SUBGHZ_Init
 .text.HAL_SUBGHZ_WriteRegisters
                0x08002d50       0xbe ./Drivers/STM32WLxx_HAL_Driver/Src/stm32wlxx_hal_subghz.o
                0x08002d50                HAL_SUBGHZ_WriteRegisters
 .text.HAL_SUBGHZ_ReadRegisters
                0x08002e0e       0xc2 ./Drivers/STM32WLxx_HAL_Driver/Src/stm32wlxx_hal_subghz.o
                0x08002e0e                HAL_SUBGHZ_ReadRegisters
 .text.HAL_SUBGHZ_ExecSetCmd
                0x08002ed0       0xbe ./Drivers/STM32WLxx_HAL_Driver/Src/stm32wlxx_hal_subghz.o
                0x08002ed0                HAL_SUBGHZ_ExecSetCmd
 .text.HAL_SUBGHZ_ExecGetCmd
                0x08002f8e       0xa8 ./Drivers/STM32WLxx_HAL_Driver/Src/stm32wlxx_hal_subghz.o
                0x08002f8e                HAL_SUBGHZ_ExecGetCmd
 .text.HAL_SUBGHZ_WriteBuffer
                0x08003036       0xa6 ./Drivers/STM32WLxx_HAL_Driver/Src/stm32wlxx_hal_subghz.o
                0x08003036                HAL_SUBGHZ_WriteBuffer
 .text.HAL_SUBGHZ_ReadBuffer
                0x080030dc       0xb0 ./Drivers/STM32WLxx_HAL_Driver/Src/stm32wlxx_hal_subghz.o
                0x080030dc                HAL_SUBGHZ_ReadBuffer
 .text.SUBGHZSPI_Init
                0x0800318c       0x40 ./Drivers/STM32WLxx_HAL_Driver/Src/stm32wlxx_hal_subghz.o
                0x0800318c                SUBGHZSPI_Init
 .text.SUBGHZSPI_Transmit
                0x080031cc       0xac ./Drivers/STM32WLxx_HAL_Driver/Src/stm32wlxx_hal_subghz.o
                0x080031cc                SUBGHZSPI_Transmit
 .text.SUBGHZSPI_Receive
                0x08003278       0xb0 ./Drivers/STM32WLxx_HAL_Driver/Src/stm32wlxx_hal_subghz.o
                0x08003278                SUBGHZSPI_Receive
 .text.SUBGHZ_CheckDeviceReady
                0x08003328       0x48 ./Drivers/STM32WLxx_HAL_Driver/Src/stm32wlxx_hal_subghz.o
                0x08003328                SUBGHZ_CheckDeviceReady
 .text.SUBGHZ_WaitOnBusy
                0x08003370       0x5c ./Drivers/STM32WLxx_HAL_Driver/Src/stm32wlxx_hal_subghz.o
                0x08003370                SUBGHZ_WaitOnBusy
 .text.LL_RCC_GetUSARTClockSource
                0x080033cc       0x24 ./Drivers/STM32WLxx_HAL_Driver/Src/stm32wlxx_hal_uart.o
 .text.LL_RCC_GetLPUARTClockSource
                0x080033f0       0x1e ./Drivers/STM32WLxx_HAL_Driver/Src/stm32wlxx_hal_uart.o
 .text.HAL_UART_Init
                0x0800340e       0xa0 ./Drivers/STM32WLxx_HAL_Driver/Src/stm32wlxx_hal_uart.o
                0x0800340e                HAL_UART_Init
 .text.HAL_UART_Transmit
                0x080034ae      0x10c ./Drivers/STM32WLxx_HAL_Driver/Src/stm32wlxx_hal_uart.o
                0x080034ae                HAL_UART_Transmit
 *fill*         0x080035ba        0x2 
 .text.UART_SetConfig
                0x080035bc      0x4e8 ./Drivers/STM32WLxx_HAL_Driver/Src/stm32wlxx_hal_uart.o
                0x080035bc                UART_SetConfig
 .text.UART_AdvFeatureConfig
                0x08003aa4      0x142 ./Drivers/STM32WLxx_HAL_Driver/Src/stm32wlxx_hal_uart.o
                0x08003aa4                UART_AdvFeatureConfig
 .text.UART_CheckIdleState
                0x08003be6       0x9c ./Drivers/STM32WLxx_HAL_Driver/Src/stm32wlxx_hal_uart.o
                0x08003be6                UART_CheckIdleState
 .text.UART_WaitOnFlagUntilTimeout
                0x08003c82      0x19c ./Drivers/STM32WLxx_HAL_Driver/Src/stm32wlxx_hal_uart.o
                0x08003c82                UART_WaitOnFlagUntilTimeout
 .text.HAL_UARTEx_DisableFifoMode
                0x08003e1e       0x70 ./Drivers/STM32WLxx_HAL_Driver/Src/stm32wlxx_hal_uart_ex.o
                0x08003e1e                HAL_UARTEx_DisableFifoMode
 .text.HAL_UARTEx_SetTxFifoThreshold
                0x08003e8e       0x7c ./Drivers/STM32WLxx_HAL_Driver/Src/stm32wlxx_hal_uart_ex.o
                0x08003e8e                HAL_UARTEx_SetTxFifoThreshold
 .text.HAL_UARTEx_SetRxFifoThreshold
                0x08003f0a       0x7c ./Drivers/STM32WLxx_HAL_Driver/Src/stm32wlxx_hal_uart_ex.o
                0x08003f0a                HAL_UARTEx_SetRxFifoThreshold
 *fill*         0x08003f86        0x2 
 .text.UARTEx_SetNbDataToProcess
                0x08003f88       0x98 ./Drivers/STM32WLxx_HAL_Driver/Src/stm32wlxx_hal_uart_ex.o
 .text.RadioInit
                0x08004020       0xb8 ./Middlewares/Third_Party/SubGHz_Phy/stm32_radio_driver/radio.o
 .text.RadioGetStatus
                0x080040d8       0x2e ./Middlewares/Third_Party/SubGHz_Phy/stm32_radio_driver/radio.o
 *fill*         0x08004106        0x2 
 .text.RadioSetModem
                0x08004108       0xb8 ./Middlewares/Third_Party/SubGHz_Phy/stm32_radio_driver/radio.o
 .text.RadioSetChannel
                0x080041c0       0x16 ./Middlewares/Third_Party/SubGHz_Phy/stm32_radio_driver/radio.o
 .text.RadioIsChannelFree
                0x080041d6       0xb4 ./Middlewares/Third_Party/SubGHz_Phy/stm32_radio_driver/radio.o
 .text.RadioRandom
                0x0800428a       0x26 ./Middlewares/Third_Party/SubGHz_Phy/stm32_radio_driver/radio.o
 .text.RadioSetRxConfig
                0x080042b0      0x418 ./Middlewares/Third_Party/SubGHz_Phy/stm32_radio_driver/radio.o
 .text.RadioSetTxConfig
                0x080046c8      0x224 ./Middlewares/Third_Party/SubGHz_Phy/stm32_radio_driver/radio.o
 .text.RadioCheckRfFrequency
                0x080048ec       0x14 ./Middlewares/Third_Party/SubGHz_Phy/stm32_radio_driver/radio.o
 .text.RadioGetLoRaBandwidthInHz
                0x08004900       0xac ./Middlewares/Third_Party/SubGHz_Phy/stm32_radio_driver/radio.o
 .text.RadioGetGfskTimeOnAirNumerator
                0x080049ac       0x54 ./Middlewares/Third_Party/SubGHz_Phy/stm32_radio_driver/radio.o
 .text.RadioGetLoRaTimeOnAirNumerator
                0x08004a00      0x102 ./Middlewares/Third_Party/SubGHz_Phy/stm32_radio_driver/radio.o
 *fill*         0x08004b02        0x2 
 .text.RadioTimeOnAir
                0x08004b04       0xb0 ./Middlewares/Third_Party/SubGHz_Phy/stm32_radio_driver/radio.o
 .text.RadioSend
                0x08004bb4      0x1f0 ./Middlewares/Third_Party/SubGHz_Phy/stm32_radio_driver/radio.o
 .text.RadioSleep
                0x08004da4       0x26 ./Middlewares/Third_Party/SubGHz_Phy/stm32_radio_driver/radio.o
 .text.RadioStandby
                0x08004dca        0xe ./Middlewares/Third_Party/SubGHz_Phy/stm32_radio_driver/radio.o
 .text.RadioRx  0x08004dd8       0x80 ./Middlewares/Third_Party/SubGHz_Phy/stm32_radio_driver/radio.o
 .text.RadioRxBoosted
                0x08004e58       0x80 ./Middlewares/Third_Party/SubGHz_Phy/stm32_radio_driver/radio.o
 .text.RadioSetRxDutyCycle
                0x08004ed8       0x48 ./Middlewares/Third_Party/SubGHz_Phy/stm32_radio_driver/radio.o
 .text.RadioStartCad
                0x08004f20       0x30 ./Middlewares/Third_Party/SubGHz_Phy/stm32_radio_driver/radio.o
 .text.RadioSetTxContinuousWave
                0x08004f50       0x64 ./Middlewares/Third_Party/SubGHz_Phy/stm32_radio_driver/radio.o
 .text.RadioRssi
                0x08004fb4       0x18 ./Middlewares/Third_Party/SubGHz_Phy/stm32_radio_driver/radio.o
 .text.RadioWrite
                0x08004fcc       0x24 ./Middlewares/Third_Party/SubGHz_Phy/stm32_radio_driver/radio.o
 .text.RadioRead
                0x08004ff0       0x1c ./Middlewares/Third_Party/SubGHz_Phy/stm32_radio_driver/radio.o
 .text.RadioWriteRegisters
                0x0800500c       0x26 ./Middlewares/Third_Party/SubGHz_Phy/stm32_radio_driver/radio.o
 .text.RadioReadRegisters
                0x08005032       0x26 ./Middlewares/Third_Party/SubGHz_Phy/stm32_radio_driver/radio.o
 .text.RadioSetMaxPayloadLength
                0x08005058       0x5c ./Middlewares/Third_Party/SubGHz_Phy/stm32_radio_driver/radio.o
 .text.RadioSetPublicNetwork
                0x080050b4       0x5c ./Middlewares/Third_Party/SubGHz_Phy/stm32_radio_driver/radio.o
 .text.RadioGetWakeupTime
                0x08005110       0x10 ./Middlewares/Third_Party/SubGHz_Phy/stm32_radio_driver/radio.o
 .text.RadioOnTxTimeoutIrq
                0x08005120       0x14 ./Middlewares/Third_Party/SubGHz_Phy/stm32_radio_driver/radio.o
 .text.RadioOnRxTimeoutIrq
                0x08005134       0x14 ./Middlewares/Third_Party/SubGHz_Phy/stm32_radio_driver/radio.o
 .text.RadioOnTxTimeoutProcess
                0x08005148       0x28 ./Middlewares/Third_Party/SubGHz_Phy/stm32_radio_driver/radio.o
 .text.RadioOnRxTimeoutProcess
                0x08005170       0x28 ./Middlewares/Third_Party/SubGHz_Phy/stm32_radio_driver/radio.o
 .text.RadioOnDioIrq
                0x08005198       0x24 ./Middlewares/Third_Party/SubGHz_Phy/stm32_radio_driver/radio.o
 .text.RadioIrqProcess
                0x080051bc      0x3e8 ./Middlewares/Third_Party/SubGHz_Phy/stm32_radio_driver/radio.o
 .text.RadioTxPrbs
                0x080055a4       0x38 ./Middlewares/Third_Party/SubGHz_Phy/stm32_radio_driver/radio.o
 .text.RadioTxCw
                0x080055dc       0x38 ./Middlewares/Third_Party/SubGHz_Phy/stm32_radio_driver/radio.o
 .text.payload_integration
                0x08005614      0x124 ./Middlewares/Third_Party/SubGHz_Phy/stm32_radio_driver/radio.o
 .text.RadioSetRxGenericConfig
                0x08005738      0x38c ./Middlewares/Third_Party/SubGHz_Phy/stm32_radio_driver/radio.o
 .text.RadioSetTxGenericConfig
                0x08005ac4      0x470 ./Middlewares/Third_Party/SubGHz_Phy/stm32_radio_driver/radio.o
 .text.RadioLrFhssSetCfg
                0x08005f34       0x18 ./Middlewares/Third_Party/SubGHz_Phy/stm32_radio_driver/radio.o
 .text.RadioLrFhssGetTimeOnAirInMs
                0x08005f4c       0x16 ./Middlewares/Third_Party/SubGHz_Phy/stm32_radio_driver/radio.o
 *fill*         0x08005f62        0x2 
 .text.SUBGRF_Init
                0x08005f64       0x90 ./Middlewares/Third_Party/SubGHz_Phy/stm32_radio_driver/radio_driver.o
                0x08005f64                SUBGRF_Init
 .text.SUBGRF_GetOperatingMode
                0x08005ff4       0x14 ./Middlewares/Third_Party/SubGHz_Phy/stm32_radio_driver/radio_driver.o
                0x08005ff4                SUBGRF_GetOperatingMode
 .text.SUBGRF_SetPayload
                0x08006008       0x20 ./Middlewares/Third_Party/SubGHz_Phy/stm32_radio_driver/radio_driver.o
                0x08006008                SUBGRF_SetPayload
 .text.SUBGRF_GetPayload
                0x08006028       0x44 ./Middlewares/Third_Party/SubGHz_Phy/stm32_radio_driver/radio_driver.o
                0x08006028                SUBGRF_GetPayload
 .text.SUBGRF_SendPayload
                0x0800606c       0x26 ./Middlewares/Third_Party/SubGHz_Phy/stm32_radio_driver/radio_driver.o
                0x0800606c                SUBGRF_SendPayload
 .text.SUBGRF_SetSyncWord
                0x08006092       0x1e ./Middlewares/Third_Party/SubGHz_Phy/stm32_radio_driver/radio_driver.o
                0x08006092                SUBGRF_SetSyncWord
 .text.SUBGRF_SetCrcSeed
                0x080060b0       0x40 ./Middlewares/Third_Party/SubGHz_Phy/stm32_radio_driver/radio_driver.o
                0x080060b0                SUBGRF_SetCrcSeed
 .text.SUBGRF_SetCrcPolynomial
                0x080060f0       0x40 ./Middlewares/Third_Party/SubGHz_Phy/stm32_radio_driver/radio_driver.o
                0x080060f0                SUBGRF_SetCrcPolynomial
 .text.SUBGRF_SetWhiteningSeed
                0x08006130       0x66 ./Middlewares/Third_Party/SubGHz_Phy/stm32_radio_driver/radio_driver.o
                0x08006130                SUBGRF_SetWhiteningSeed
 .text.SUBGRF_GetRandom
                0x08006196       0x8c ./Middlewares/Third_Party/SubGHz_Phy/stm32_radio_driver/radio_driver.o
                0x08006196                SUBGRF_GetRandom
 *fill*         0x08006222        0x2 
 .text.SUBGRF_SetSleep
                0x08006224       0x68 ./Middlewares/Third_Party/SubGHz_Phy/stm32_radio_driver/radio_driver.o
                0x08006224                SUBGRF_SetSleep
 .text.SUBGRF_SetStandby
                0x0800628c       0x38 ./Middlewares/Third_Party/SubGHz_Phy/stm32_radio_driver/radio_driver.o
                0x0800628c                SUBGRF_SetStandby
 .text.SUBGRF_SetTx
                0x080062c4       0x40 ./Middlewares/Third_Party/SubGHz_Phy/stm32_radio_driver/radio_driver.o
                0x080062c4                SUBGRF_SetTx
 .text.SUBGRF_SetRx
                0x08006304       0x40 ./Middlewares/Third_Party/SubGHz_Phy/stm32_radio_driver/radio_driver.o
                0x08006304                SUBGRF_SetRx
 .text.SUBGRF_SetRxBoosted
                0x08006344       0x48 ./Middlewares/Third_Party/SubGHz_Phy/stm32_radio_driver/radio_driver.o
                0x08006344                SUBGRF_SetRxBoosted
 .text.SUBGRF_SetRxDutyCycle
                0x0800638c       0x58 ./Middlewares/Third_Party/SubGHz_Phy/stm32_radio_driver/radio_driver.o
                0x0800638c                SUBGRF_SetRxDutyCycle
 .text.SUBGRF_SetCad
                0x080063e4       0x1c ./Middlewares/Third_Party/SubGHz_Phy/stm32_radio_driver/radio_driver.o
                0x080063e4                SUBGRF_SetCad
 .text.SUBGRF_SetTxContinuousWave
                0x08006400       0x12 ./Middlewares/Third_Party/SubGHz_Phy/stm32_radio_driver/radio_driver.o
                0x08006400                SUBGRF_SetTxContinuousWave
 .text.SUBGRF_SetTxInfinitePreamble
                0x08006412       0x12 ./Middlewares/Third_Party/SubGHz_Phy/stm32_radio_driver/radio_driver.o
                0x08006412                SUBGRF_SetTxInfinitePreamble
 .text.SUBGRF_SetStopRxTimerOnPreambleDetect
                0x08006424       0x1e ./Middlewares/Third_Party/SubGHz_Phy/stm32_radio_driver/radio_driver.o
                0x08006424                SUBGRF_SetStopRxTimerOnPreambleDetect
 .text.SUBGRF_SetLoRaSymbNumTimeout
                0x08006442       0x5e ./Middlewares/Third_Party/SubGHz_Phy/stm32_radio_driver/radio_driver.o
                0x08006442                SUBGRF_SetLoRaSymbNumTimeout
 .text.SUBGRF_SetRegulatorMode
                0x080064a0       0x2e ./Middlewares/Third_Party/SubGHz_Phy/stm32_radio_driver/radio_driver.o
                0x080064a0                SUBGRF_SetRegulatorMode
 .text.SUBGRF_Calibrate
                0x080064ce       0x98 ./Middlewares/Third_Party/SubGHz_Phy/stm32_radio_driver/radio_driver.o
                0x080064ce                SUBGRF_Calibrate
 *fill*         0x08006566        0x2 
 .text.SUBGRF_CalibrateImage
                0x08006568       0x94 ./Middlewares/Third_Party/SubGHz_Phy/stm32_radio_driver/radio_driver.o
                0x08006568                SUBGRF_CalibrateImage
 .text.SUBGRF_SetPaConfig
                0x080065fc       0x44 ./Middlewares/Third_Party/SubGHz_Phy/stm32_radio_driver/radio_driver.o
                0x080065fc                SUBGRF_SetPaConfig
 .text.SUBGRF_SetDioIrqParams
                0x08006640       0x74 ./Middlewares/Third_Party/SubGHz_Phy/stm32_radio_driver/radio_driver.o
                0x08006640                SUBGRF_SetDioIrqParams
 .text.SUBGRF_SetTcxoMode
                0x080066b4       0x42 ./Middlewares/Third_Party/SubGHz_Phy/stm32_radio_driver/radio_driver.o
                0x080066b4                SUBGRF_SetTcxoMode
 *fill*         0x080066f6        0x2 
 .text.SUBGRF_SetRfFrequency
                0x080066f8       0x8c ./Middlewares/Third_Party/SubGHz_Phy/stm32_radio_driver/radio_driver.o
                0x080066f8                SUBGRF_SetRfFrequency
 .text.SUBGRF_SetPacketType
                0x08006784       0x38 ./Middlewares/Third_Party/SubGHz_Phy/stm32_radio_driver/radio_driver.o
                0x08006784                SUBGRF_SetPacketType
 .text.SUBGRF_GetPacketType
                0x080067bc       0x14 ./Middlewares/Third_Party/SubGHz_Phy/stm32_radio_driver/radio_driver.o
                0x080067bc                SUBGRF_GetPacketType
 .text.SUBGRF_SetTxParams
                0x080067d0      0x19a ./Middlewares/Third_Party/SubGHz_Phy/stm32_radio_driver/radio_driver.o
                0x080067d0                SUBGRF_SetTxParams
 *fill*         0x0800696a        0x2 
 .text.SUBGRF_SetModulationParams
                0x0800696c      0x19c ./Middlewares/Third_Party/SubGHz_Phy/stm32_radio_driver/radio_driver.o
                0x0800696c                SUBGRF_SetModulationParams
 .text.SUBGRF_SetPacketParams
                0x08006b08      0x138 ./Middlewares/Third_Party/SubGHz_Phy/stm32_radio_driver/radio_driver.o
                0x08006b08                SUBGRF_SetPacketParams
 .text.SUBGRF_SetBufferBaseAddress
                0x08006c40       0x2e ./Middlewares/Third_Party/SubGHz_Phy/stm32_radio_driver/radio_driver.o
                0x08006c40                SUBGRF_SetBufferBaseAddress
 .text.SUBGRF_GetRssiInst
                0x08006c6e       0x2a ./Middlewares/Third_Party/SubGHz_Phy/stm32_radio_driver/radio_driver.o
                0x08006c6e                SUBGRF_GetRssiInst
 .text.SUBGRF_GetRxBufferStatus
                0x08006c98       0x58 ./Middlewares/Third_Party/SubGHz_Phy/stm32_radio_driver/radio_driver.o
                0x08006c98                SUBGRF_GetRxBufferStatus
 .text.SUBGRF_GetPacketStatus
                0x08006cf0       0xa4 ./Middlewares/Third_Party/SubGHz_Phy/stm32_radio_driver/radio_driver.o
                0x08006cf0                SUBGRF_GetPacketStatus
 .text.SUBGRF_WriteRegister
                0x08006d94       0x44 ./Middlewares/Third_Party/SubGHz_Phy/stm32_radio_driver/radio_driver.o
                0x08006d94                SUBGRF_WriteRegister
 .text.SUBGRF_ReadRegister
                0x08006dd8       0x40 ./Middlewares/Third_Party/SubGHz_Phy/stm32_radio_driver/radio_driver.o
                0x08006dd8                SUBGRF_ReadRegister
 .text.SUBGRF_WriteRegisters
                0x08006e18       0x44 ./Middlewares/Third_Party/SubGHz_Phy/stm32_radio_driver/radio_driver.o
                0x08006e18                SUBGRF_WriteRegisters
 .text.SUBGRF_ReadRegisters
                0x08006e5c       0x44 ./Middlewares/Third_Party/SubGHz_Phy/stm32_radio_driver/radio_driver.o
                0x08006e5c                SUBGRF_ReadRegisters
 .text.SUBGRF_WriteBuffer
                0x08006ea0       0x44 ./Middlewares/Third_Party/SubGHz_Phy/stm32_radio_driver/radio_driver.o
                0x08006ea0                SUBGRF_WriteBuffer
 .text.SUBGRF_ReadBuffer
                0x08006ee4       0x44 ./Middlewares/Third_Party/SubGHz_Phy/stm32_radio_driver/radio_driver.o
                0x08006ee4                SUBGRF_ReadBuffer
 .text.SUBGRF_WriteCommand
                0x08006f28       0x44 ./Middlewares/Third_Party/SubGHz_Phy/stm32_radio_driver/radio_driver.o
                0x08006f28                SUBGRF_WriteCommand
 .text.SUBGRF_ReadCommand
                0x08006f6c       0x44 ./Middlewares/Third_Party/SubGHz_Phy/stm32_radio_driver/radio_driver.o
                0x08006f6c                SUBGRF_ReadCommand
 .text.SUBGRF_SetSwitch
                0x08006fb0       0x50 ./Middlewares/Third_Party/SubGHz_Phy/stm32_radio_driver/radio_driver.o
                0x08006fb0                SUBGRF_SetSwitch
 .text.SUBGRF_SetRfTxPower
                0x08007000       0x68 ./Middlewares/Third_Party/SubGHz_Phy/stm32_radio_driver/radio_driver.o
                0x08007000                SUBGRF_SetRfTxPower
 .text.SUBGRF_GetRadioWakeUpTime
                0x08007068        0xe ./Middlewares/Third_Party/SubGHz_Phy/stm32_radio_driver/radio_driver.o
                0x08007068                SUBGRF_GetRadioWakeUpTime
 .text.Radio_SMPS_Set
                0x08007076       0x42 ./Middlewares/Third_Party/SubGHz_Phy/stm32_radio_driver/radio_driver.o
 .text.SUBGRF_GetFskBandwidthRegValue
                0x080070b8       0x50 ./Middlewares/Third_Party/SubGHz_Phy/stm32_radio_driver/radio_driver.o
                0x080070b8                SUBGRF_GetFskBandwidthRegValue
 .text.SUBGRF_GetCFO
                0x08007108       0xe8 ./Middlewares/Third_Party/SubGHz_Phy/stm32_radio_driver/radio_driver.o
                0x08007108                SUBGRF_GetCFO
 .text.RFW_TransmitLongPacket
                0x080071f0       0x24 ./Middlewares/Third_Party/SubGHz_Phy/stm32_radio_driver/radio_fw.o
                0x080071f0                RFW_TransmitLongPacket
 .text.RFW_ReceiveLongPacket
                0x08007214       0x24 ./Middlewares/Third_Party/SubGHz_Phy/stm32_radio_driver/radio_fw.o
                0x08007214                RFW_ReceiveLongPacket
 .text.RFW_Init
                0x08007238       0x1a ./Middlewares/Third_Party/SubGHz_Phy/stm32_radio_driver/radio_fw.o
                0x08007238                RFW_Init
 .text.RFW_DeInit
                0x08007252        0xc ./Middlewares/Third_Party/SubGHz_Phy/stm32_radio_driver/radio_fw.o
                0x08007252                RFW_DeInit
 .text.RFW_Is_Init
                0x0800725e        0xe ./Middlewares/Third_Party/SubGHz_Phy/stm32_radio_driver/radio_fw.o
                0x0800725e                RFW_Is_Init
 .text.RFW_Is_LongPacketModeEnabled
                0x0800726c        0xe ./Middlewares/Third_Party/SubGHz_Phy/stm32_radio_driver/radio_fw.o
                0x0800726c                RFW_Is_LongPacketModeEnabled
 .text.RFW_SetAntSwitch
                0x0800727a       0x14 ./Middlewares/Third_Party/SubGHz_Phy/stm32_radio_driver/radio_fw.o
                0x0800727a                RFW_SetAntSwitch
 .text.RFW_TransmitInit
                0x0800728e       0x20 ./Middlewares/Third_Party/SubGHz_Phy/stm32_radio_driver/radio_fw.o
                0x0800728e                RFW_TransmitInit
 .text.RFW_ReceiveInit
                0x080072ae       0x10 ./Middlewares/Third_Party/SubGHz_Phy/stm32_radio_driver/radio_fw.o
                0x080072ae                RFW_ReceiveInit
 .text.RFW_DeInit_TxLongPacket
                0x080072be        0xc ./Middlewares/Third_Party/SubGHz_Phy/stm32_radio_driver/radio_fw.o
                0x080072be                RFW_DeInit_TxLongPacket
 .text.RFW_ReceivePayload
                0x080072ca        0xc ./Middlewares/Third_Party/SubGHz_Phy/stm32_radio_driver/radio_fw.o
                0x080072ca                RFW_ReceivePayload
 .text.RFW_SetRadioModem
                0x080072d6       0x14 ./Middlewares/Third_Party/SubGHz_Phy/stm32_radio_driver/radio_fw.o
                0x080072d6                RFW_SetRadioModem
 .text.MX_SubGHz_Phy_Init
                0x080072ea       0x10 ./SubGHz_Phy/App/app_subghz_phy.o
                0x080072ea                MX_SubGHz_Phy_Init
 .text.MX_SubGHz_Phy_Process
                0x080072fa        0xc ./SubGHz_Phy/App/app_subghz_phy.o
                0x080072fa                MX_SubGHz_Phy_Process
 *fill*         0x08007306        0x2 
 .text.SubghzApp_Init
                0x08007308       0x4c ./SubGHz_Phy/App/subghz_phy_app.o
                0x08007308                SubghzApp_Init
 .text.OnTxDone
                0x08007354        0xc ./SubGHz_Phy/App/subghz_phy_app.o
 .text.OnRxDone
                0x08007360       0x24 ./SubGHz_Phy/App/subghz_phy_app.o
 .text.OnTxTimeout
                0x08007384        0xc ./SubGHz_Phy/App/subghz_phy_app.o
 .text.OnRxTimeout
                0x08007390        0xc ./SubGHz_Phy/App/subghz_phy_app.o
 .text.OnRxError
                0x0800739c        0xc ./SubGHz_Phy/App/subghz_phy_app.o
 .text.RBI_Init
                0x080073a8       0x16 ./SubGHz_Phy/Target/radio_board_if.o
                0x080073a8                RBI_Init
 .text.RBI_ConfigRFSwitch
                0x080073be       0x1a ./SubGHz_Phy/Target/radio_board_if.o
                0x080073be                RBI_ConfigRFSwitch
 .text.RBI_GetTxConfig
                0x080073d8       0x16 ./SubGHz_Phy/Target/radio_board_if.o
                0x080073d8                RBI_GetTxConfig
 .text.RBI_IsTCXO
                0x080073ee       0x16 ./SubGHz_Phy/Target/radio_board_if.o
                0x080073ee                RBI_IsTCXO
 .text.RBI_IsDCDC
                0x08007404       0x16 ./SubGHz_Phy/Target/radio_board_if.o
                0x08007404                RBI_IsDCDC
 .text.RBI_GetRFOMaxPowerConfig
                0x0800741a       0x2a ./SubGHz_Phy/Target/radio_board_if.o
                0x0800741a                RBI_GetRFOMaxPowerConfig
 .text.UTIL_MEM_cpy_8
                0x08007444       0x3e ./Utilities/misc/stm32_mem.o
                0x08007444                UTIL_MEM_cpy_8
 .text.UTIL_MEM_set_8
                0x08007482       0x36 ./Utilities/misc/stm32_mem.o
                0x08007482                UTIL_MEM_set_8
 .text.UTIL_TIMER_Create
                0x080074b8       0x6c ./Utilities/timer/stm32_timer.o
                0x080074b8                UTIL_TIMER_Create
 .text.UTIL_TIMER_Start
                0x08007524       0xdc ./Utilities/timer/stm32_timer.o
                0x08007524                UTIL_TIMER_Start
 .text.UTIL_TIMER_Stop
                0x08007600       0xe0 ./Utilities/timer/stm32_timer.o
                0x08007600                UTIL_TIMER_Stop
 .text.UTIL_TIMER_SetPeriod
                0x080076e0       0x54 ./Utilities/timer/stm32_timer.o
                0x080076e0                UTIL_TIMER_SetPeriod
 .text.UTIL_TIMER_GetCurrentTime
                0x08007734       0x24 ./Utilities/timer/stm32_timer.o
                0x08007734                UTIL_TIMER_GetCurrentTime
 .text.UTIL_TIMER_GetElapsedTime
                0x08007758       0x38 ./Utilities/timer/stm32_timer.o
                0x08007758                UTIL_TIMER_GetElapsedTime
 .text.TimerExists
                0x08007790       0x38 ./Utilities/timer/stm32_timer.o
                0x08007790                TimerExists
 .text.TimerSetTimeout
                0x080077c8       0x54 ./Utilities/timer/stm32_timer.o
                0x080077c8                TimerSetTimeout
 .text.TimerInsertTimer
                0x0800781c       0x60 ./Utilities/timer/stm32_timer.o
                0x0800781c                TimerInsertTimer
 .text.TimerInsertNewHeadTimer
                0x0800787c       0x3c ./Utilities/timer/stm32_timer.o
                0x0800787c                TimerInsertNewHeadTimer
 .text.std      0x080078b8       0x6c S:/Softwares/STM32CubeIDE_1.18.1/STM32CubeIDE/plugins/com.st.stm32cube.ide.mcu.externaltools.gnu-tools-for-stm32.13.3.rel1.win32_1.0.0.202411081344/tools/bin/../lib/gcc/arm-none-eabi/13.3.1/../../../../arm-none-eabi/lib/thumb/v7e-m/nofp\libc_nano.a(libc_a-findfp.o)
 .text.stdio_exit_handler
                0x08007924       0x18 S:/Softwares/STM32CubeIDE_1.18.1/STM32CubeIDE/plugins/com.st.stm32cube.ide.mcu.externaltools.gnu-tools-for-stm32.13.3.rel1.win32_1.0.0.202411081344/tools/bin/../lib/gcc/arm-none-eabi/13.3.1/../../../../arm-none-eabi/lib/thumb/v7e-m/nofp\libc_nano.a(libc_a-findfp.o)
 .text.cleanup_stdio
                0x0800793c       0x40 S:/Softwares/STM32CubeIDE_1.18.1/STM32CubeIDE/plugins/com.st.stm32cube.ide.mcu.externaltools.gnu-tools-for-stm32.13.3.rel1.win32_1.0.0.202411081344/tools/bin/../lib/gcc/arm-none-eabi/13.3.1/../../../../arm-none-eabi/lib/thumb/v7e-m/nofp\libc_nano.a(libc_a-findfp.o)
 .text.global_stdio_init.part.0
                0x0800797c       0x3c S:/Softwares/STM32CubeIDE_1.18.1/STM32CubeIDE/plugins/com.st.stm32cube.ide.mcu.externaltools.gnu-tools-for-stm32.13.3.rel1.win32_1.0.0.202411081344/tools/bin/../lib/gcc/arm-none-eabi/13.3.1/../../../../arm-none-eabi/lib/thumb/v7e-m/nofp\libc_nano.a(libc_a-findfp.o)
 .text.__sfp_lock_acquire
                0x080079b8        0xc S:/Softwares/STM32CubeIDE_1.18.1/STM32CubeIDE/plugins/com.st.stm32cube.ide.mcu.externaltools.gnu-tools-for-stm32.13.3.rel1.win32_1.0.0.202411081344/tools/bin/../lib/gcc/arm-none-eabi/13.3.1/../../../../arm-none-eabi/lib/thumb/v7e-m/nofp\libc_nano.a(libc_a-findfp.o)
                0x080079b8                __sfp_lock_acquire
 .text.__sfp_lock_release
                0x080079c4        0xc S:/Softwares/STM32CubeIDE_1.18.1/STM32CubeIDE/plugins/com.st.stm32cube.ide.mcu.externaltools.gnu-tools-for-stm32.13.3.rel1.win32_1.0.0.202411081344/tools/bin/../lib/gcc/arm-none-eabi/13.3.1/../../../../arm-none-eabi/lib/thumb/v7e-m/nofp\libc_nano.a(libc_a-findfp.o)
                0x080079c4                __sfp_lock_release
 .text.__sinit  0x080079d0       0x30 S:/Softwares/STM32CubeIDE_1.18.1/STM32CubeIDE/plugins/com.st.stm32cube.ide.mcu.externaltools.gnu-tools-for-stm32.13.3.rel1.win32_1.0.0.202411081344/tools/bin/../lib/gcc/arm-none-eabi/13.3.1/../../../../arm-none-eabi/lib/thumb/v7e-m/nofp\libc_nano.a(libc_a-findfp.o)
                0x080079d0                __sinit
 .text._fwalk_sglue
                0x08007a00       0x3c S:/Softwares/STM32CubeIDE_1.18.1/STM32CubeIDE/plugins/com.st.stm32cube.ide.mcu.externaltools.gnu-tools-for-stm32.13.3.rel1.win32_1.0.0.202411081344/tools/bin/../lib/gcc/arm-none-eabi/13.3.1/../../../../arm-none-eabi/lib/thumb/v7e-m/nofp\libc_nano.a(libc_a-fwalk.o)
                0x08007a00                _fwalk_sglue
 .text.printf   0x08007a3c       0x24 S:/Softwares/STM32CubeIDE_1.18.1/STM32CubeIDE/plugins/com.st.stm32cube.ide.mcu.externaltools.gnu-tools-for-stm32.13.3.rel1.win32_1.0.0.202411081344/tools/bin/../lib/gcc/arm-none-eabi/13.3.1/../../../../arm-none-eabi/lib/thumb/v7e-m/nofp\libc_nano.a(libc_a-printf.o)
                0x08007a3c                iprintf
                0x08007a3c                printf
 .text.__sread  0x08007a60       0x22 S:/Softwares/STM32CubeIDE_1.18.1/STM32CubeIDE/plugins/com.st.stm32cube.ide.mcu.externaltools.gnu-tools-for-stm32.13.3.rel1.win32_1.0.0.202411081344/tools/bin/../lib/gcc/arm-none-eabi/13.3.1/../../../../arm-none-eabi/lib/thumb/v7e-m/nofp\libc_nano.a(libc_a-stdio.o)
                0x08007a60                __sread
 .text.__swrite
                0x08007a82       0x38 S:/Softwares/STM32CubeIDE_1.18.1/STM32CubeIDE/plugins/com.st.stm32cube.ide.mcu.externaltools.gnu-tools-for-stm32.13.3.rel1.win32_1.0.0.202411081344/tools/bin/../lib/gcc/arm-none-eabi/13.3.1/../../../../arm-none-eabi/lib/thumb/v7e-m/nofp\libc_nano.a(libc_a-stdio.o)
                0x08007a82                __swrite
 .text.__sseek  0x08007aba       0x24 S:/Softwares/STM32CubeIDE_1.18.1/STM32CubeIDE/plugins/com.st.stm32cube.ide.mcu.externaltools.gnu-tools-for-stm32.13.3.rel1.win32_1.0.0.202411081344/tools/bin/../lib/gcc/arm-none-eabi/13.3.1/../../../../arm-none-eabi/lib/thumb/v7e-m/nofp\libc_nano.a(libc_a-stdio.o)
                0x08007aba                __sseek
 .text.__sclose
                0x08007ade        0x8 S:/Softwares/STM32CubeIDE_1.18.1/STM32CubeIDE/plugins/com.st.stm32cube.ide.mcu.externaltools.gnu-tools-for-stm32.13.3.rel1.win32_1.0.0.202411081344/tools/bin/../lib/gcc/arm-none-eabi/13.3.1/../../../../arm-none-eabi/lib/thumb/v7e-m/nofp\libc_nano.a(libc_a-stdio.o)
                0x08007ade                __sclose
 .text.memset   0x08007ae6       0x10 S:/Softwares/STM32CubeIDE_1.18.1/STM32CubeIDE/plugins/com.st.stm32cube.ide.mcu.externaltools.gnu-tools-for-stm32.13.3.rel1.win32_1.0.0.202411081344/tools/bin/../lib/gcc/arm-none-eabi/13.3.1/../../../../arm-none-eabi/lib/thumb/v7e-m/nofp\libc_nano.a(libc_a-memset.o)
                0x08007ae6                memset
 *fill*         0x08007af6        0x2 
 .text._close_r
                0x08007af8       0x20 S:/Softwares/STM32CubeIDE_1.18.1/STM32CubeIDE/plugins/com.st.stm32cube.ide.mcu.externaltools.gnu-tools-for-stm32.13.3.rel1.win32_1.0.0.202411081344/tools/bin/../lib/gcc/arm-none-eabi/13.3.1/../../../../arm-none-eabi/lib/thumb/v7e-m/nofp\libc_nano.a(libc_a-closer.o)
                0x08007af8                _close_r
 .text._lseek_r
                0x08007b18       0x24 S:/Softwares/STM32CubeIDE_1.18.1/STM32CubeIDE/plugins/com.st.stm32cube.ide.mcu.externaltools.gnu-tools-for-stm32.13.3.rel1.win32_1.0.0.202411081344/tools/bin/../lib/gcc/arm-none-eabi/13.3.1/../../../../arm-none-eabi/lib/thumb/v7e-m/nofp\libc_nano.a(libc_a-lseekr.o)
                0x08007b18                _lseek_r
 .text._read_r  0x08007b3c       0x24 S:/Softwares/STM32CubeIDE_1.18.1/STM32CubeIDE/plugins/com.st.stm32cube.ide.mcu.externaltools.gnu-tools-for-stm32.13.3.rel1.win32_1.0.0.202411081344/tools/bin/../lib/gcc/arm-none-eabi/13.3.1/../../../../arm-none-eabi/lib/thumb/v7e-m/nofp\libc_nano.a(libc_a-readr.o)
                0x08007b3c                _read_r
 .text._write_r
                0x08007b60       0x24 S:/Softwares/STM32CubeIDE_1.18.1/STM32CubeIDE/plugins/com.st.stm32cube.ide.mcu.externaltools.gnu-tools-for-stm32.13.3.rel1.win32_1.0.0.202411081344/tools/bin/../lib/gcc/arm-none-eabi/13.3.1/../../../../arm-none-eabi/lib/thumb/v7e-m/nofp\libc_nano.a(libc_a-writer.o)
                0x08007b60                _write_r
 .text.__errno  0x08007b84        0xc S:/Softwares/STM32CubeIDE_1.18.1/STM32CubeIDE/plugins/com.st.stm32cube.ide.mcu.externaltools.gnu-tools-for-stm32.13.3.rel1.win32_1.0.0.202411081344/tools/bin/../lib/gcc/arm-none-eabi/13.3.1/../../../../arm-none-eabi/lib/thumb/v7e-m/nofp\libc_nano.a(libc_a-errno.o)
                0x08007b84                __errno
 .text.__libc_init_array
                0x08007b90       0x48 S:/Softwares/STM32CubeIDE_1.18.1/STM32CubeIDE/plugins/com.st.stm32cube.ide.mcu.externaltools.gnu-tools-for-stm32.13.3.rel1.win32_1.0.0.202411081344/tools/bin/../lib/gcc/arm-none-eabi/13.3.1/../../../../arm-none-eabi/lib/thumb/v7e-m/nofp\libc_nano.a(libc_a-init.o)
                0x08007b90                __libc_init_array
 .text.__retarget_lock_init_recursive
                0x08007bd8        0x2 S:/Softwares/STM32CubeIDE_1.18.1/STM32CubeIDE/plugins/com.st.stm32cube.ide.mcu.externaltools.gnu-tools-for-stm32.13.3.rel1.win32_1.0.0.202411081344/tools/bin/../lib/gcc/arm-none-eabi/13.3.1/../../../../arm-none-eabi/lib/thumb/v7e-m/nofp\libc_nano.a(libc_a-lock.o)
                0x08007bd8                __retarget_lock_init_recursive
 .text.__retarget_lock_acquire_recursive
                0x08007bda        0x2 S:/Softwares/STM32CubeIDE_1.18.1/STM32CubeIDE/plugins/com.st.stm32cube.ide.mcu.externaltools.gnu-tools-for-stm32.13.3.rel1.win32_1.0.0.202411081344/tools/bin/../lib/gcc/arm-none-eabi/13.3.1/../../../../arm-none-eabi/lib/thumb/v7e-m/nofp\libc_nano.a(libc_a-lock.o)
                0x08007bda                __retarget_lock_acquire_recursive
 .text.__retarget_lock_release_recursive
                0x08007bdc        0x2 S:/Softwares/STM32CubeIDE_1.18.1/STM32CubeIDE/plugins/com.st.stm32cube.ide.mcu.externaltools.gnu-tools-for-stm32.13.3.rel1.win32_1.0.0.202411081344/tools/bin/../lib/gcc/arm-none-eabi/13.3.1/../../../../arm-none-eabi/lib/thumb/v7e-m/nofp\libc_nano.a(libc_a-lock.o)
                0x08007bdc                __retarget_lock_release_recursive
 *fill*         0x08007bde        0x2 
 .text._free_r  0x08007be0       0x94 S:/Softwares/STM32CubeIDE_1.18.1/STM32CubeIDE/plugins/com.st.stm32cube.ide.mcu.externaltools.gnu-tools-for-stm32.13.3.rel1.win32_1.0.0.202411081344/tools/bin/../lib/gcc/arm-none-eabi/13.3.1/../../../../arm-none-eabi/lib/thumb/v7e-m/nofp\libc_nano.a(libc_a-freer.o)
                0x08007be0                _free_r
 .text.sbrk_aligned
                0x08007c74       0x44 S:/Softwares/STM32CubeIDE_1.18.1/STM32CubeIDE/plugins/com.st.stm32cube.ide.mcu.externaltools.gnu-tools-for-stm32.13.3.rel1.win32_1.0.0.202411081344/tools/bin/../lib/gcc/arm-none-eabi/13.3.1/../../../../arm-none-eabi/lib/thumb/v7e-m/nofp\libc_nano.a(libc_a-mallocr.o)
 .text._malloc_r
                0x08007cb8      0x100 S:/Softwares/STM32CubeIDE_1.18.1/STM32CubeIDE/plugins/com.st.stm32cube.ide.mcu.externaltools.gnu-tools-for-stm32.13.3.rel1.win32_1.0.0.202411081344/tools/bin/../lib/gcc/arm-none-eabi/13.3.1/../../../../arm-none-eabi/lib/thumb/v7e-m/nofp\libc_nano.a(libc_a-mallocr.o)
                0x08007cb8                _malloc_r
 .text.__malloc_lock
                0x08007db8        0xc S:/Softwares/STM32CubeIDE_1.18.1/STM32CubeIDE/plugins/com.st.stm32cube.ide.mcu.externaltools.gnu-tools-for-stm32.13.3.rel1.win32_1.0.0.202411081344/tools/bin/../lib/gcc/arm-none-eabi/13.3.1/../../../../arm-none-eabi/lib/thumb/v7e-m/nofp\libc_nano.a(libc_a-mlock.o)
                0x08007db8                __malloc_lock
 .text.__malloc_unlock
                0x08007dc4        0xc S:/Softwares/STM32CubeIDE_1.18.1/STM32CubeIDE/plugins/com.st.stm32cube.ide.mcu.externaltools.gnu-tools-for-stm32.13.3.rel1.win32_1.0.0.202411081344/tools/bin/../lib/gcc/arm-none-eabi/13.3.1/../../../../arm-none-eabi/lib/thumb/v7e-m/nofp\libc_nano.a(libc_a-mlock.o)
                0x08007dc4                __malloc_unlock
 .text.__sfputc_r
                0x08007dd0       0x2a S:/Softwares/STM32CubeIDE_1.18.1/STM32CubeIDE/plugins/com.st.stm32cube.ide.mcu.externaltools.gnu-tools-for-stm32.13.3.rel1.win32_1.0.0.202411081344/tools/bin/../lib/gcc/arm-none-eabi/13.3.1/../../../../arm-none-eabi/lib/thumb/v7e-m/nofp\libc_nano.a(libc_a-nano-vfprintf.o)
 .text.__sfputs_r
                0x08007dfa       0x24 S:/Softwares/STM32CubeIDE_1.18.1/STM32CubeIDE/plugins/com.st.stm32cube.ide.mcu.externaltools.gnu-tools-for-stm32.13.3.rel1.win32_1.0.0.202411081344/tools/bin/../lib/gcc/arm-none-eabi/13.3.1/../../../../arm-none-eabi/lib/thumb/v7e-m/nofp\libc_nano.a(libc_a-nano-vfprintf.o)
                0x08007dfa                __sfputs_r
 *fill*         0x08007e1e        0x2 
 .text._vfprintf_r
                0x08007e20      0x230 S:/Softwares/STM32CubeIDE_1.18.1/STM32CubeIDE/plugins/com.st.stm32cube.ide.mcu.externaltools.gnu-tools-for-stm32.13.3.rel1.win32_1.0.0.202411081344/tools/bin/../lib/gcc/arm-none-eabi/13.3.1/../../../../arm-none-eabi/lib/thumb/v7e-m/nofp\libc_nano.a(libc_a-nano-vfprintf.o)
                0x08007e20                _vfprintf_r
                0x08007e20                _vfiprintf_r
 .text._printf_common
                0x08008050       0xda S:/Softwares/STM32CubeIDE_1.18.1/STM32CubeIDE/plugins/com.st.stm32cube.ide.mcu.externaltools.gnu-tools-for-stm32.13.3.rel1.win32_1.0.0.202411081344/tools/bin/../lib/gcc/arm-none-eabi/13.3.1/../../../../arm-none-eabi/lib/thumb/v7e-m/nofp\libc_nano.a(libc_a-nano-vfprintf_i.o)
                0x08008050                _printf_common
 *fill*         0x0800812a        0x2 
 .text._printf_i
                0x0800812c      0x23c S:/Softwares/STM32CubeIDE_1.18.1/STM32CubeIDE/plugins/com.st.stm32cube.ide.mcu.externaltools.gnu-tools-for-stm32.13.3.rel1.win32_1.0.0.202411081344/tools/bin/../lib/gcc/arm-none-eabi/13.3.1/../../../../arm-none-eabi/lib/thumb/v7e-m/nofp\libc_nano.a(libc_a-nano-vfprintf_i.o)
                0x0800812c                _printf_i
 .text.__sflush_r
                0x08008368      0x100 S:/Softwares/STM32CubeIDE_1.18.1/STM32CubeIDE/plugins/com.st.stm32cube.ide.mcu.externaltools.gnu-tools-for-stm32.13.3.rel1.win32_1.0.0.202411081344/tools/bin/../lib/gcc/arm-none-eabi/13.3.1/../../../../arm-none-eabi/lib/thumb/v7e-m/nofp\libc_nano.a(libc_a-fflush.o)
                0x08008368                __sflush_r
 .text._fflush_r
                0x08008468       0x50 S:/Softwares/STM32CubeIDE_1.18.1/STM32CubeIDE/plugins/com.st.stm32cube.ide.mcu.externaltools.gnu-tools-for-stm32.13.3.rel1.win32_1.0.0.202411081344/tools/bin/../lib/gcc/arm-none-eabi/13.3.1/../../../../arm-none-eabi/lib/thumb/v7e-m/nofp\libc_nano.a(libc_a-fflush.o)
                0x08008468                _fflush_r
 .text.__swbuf_r
                0x080084b8       0x7c S:/Softwares/STM32CubeIDE_1.18.1/STM32CubeIDE/plugins/com.st.stm32cube.ide.mcu.externaltools.gnu-tools-for-stm32.13.3.rel1.win32_1.0.0.202411081344/tools/bin/../lib/gcc/arm-none-eabi/13.3.1/../../../../arm-none-eabi/lib/thumb/v7e-m/nofp\libc_nano.a(libc_a-wbuf.o)
                0x080084b8                __swbuf_r
 .text.__swsetup_r
                0x08008534       0xac S:/Softwares/STM32CubeIDE_1.18.1/STM32CubeIDE/plugins/com.st.stm32cube.ide.mcu.externaltools.gnu-tools-for-stm32.13.3.rel1.win32_1.0.0.202411081344/tools/bin/../lib/gcc/arm-none-eabi/13.3.1/../../../../arm-none-eabi/lib/thumb/v7e-m/nofp\libc_nano.a(libc_a-wsetup.o)
                0x08008534                __swsetup_r
 .text._sbrk_r  0x080085e0       0x20 S:/Softwares/STM32CubeIDE_1.18.1/STM32CubeIDE/plugins/com.st.stm32cube.ide.mcu.externaltools.gnu-tools-for-stm32.13.3.rel1.win32_1.0.0.202411081344/tools/bin/../lib/gcc/arm-none-eabi/13.3.1/../../../../arm-none-eabi/lib/thumb/v7e-m/nofp\libc_nano.a(libc_a-sbrkr.o)
                0x080085e0                _sbrk_r
 .text.__swhatbuf_r
                0x08008600       0x4c S:/Softwares/STM32CubeIDE_1.18.1/STM32CubeIDE/plugins/com.st.stm32cube.ide.mcu.externaltools.gnu-tools-for-stm32.13.3.rel1.win32_1.0.0.202411081344/tools/bin/../lib/gcc/arm-none-eabi/13.3.1/../../../../arm-none-eabi/lib/thumb/v7e-m/nofp\libc_nano.a(libc_a-makebuf.o)
                0x08008600                __swhatbuf_r
 .text.__smakebuf_r
                0x0800864c       0x78 S:/Softwares/STM32CubeIDE_1.18.1/STM32CubeIDE/plugins/com.st.stm32cube.ide.mcu.externaltools.gnu-tools-for-stm32.13.3.rel1.win32_1.0.0.202411081344/tools/bin/../lib/gcc/arm-none-eabi/13.3.1/../../../../arm-none-eabi/lib/thumb/v7e-m/nofp\libc_nano.a(libc_a-makebuf.o)
                0x0800864c                __smakebuf_r
 .text._fstat_r
                0x080086c4       0x24 S:/Softwares/STM32CubeIDE_1.18.1/STM32CubeIDE/plugins/com.st.stm32cube.ide.mcu.externaltools.gnu-tools-for-stm32.13.3.rel1.win32_1.0.0.202411081344/tools/bin/../lib/gcc/arm-none-eabi/13.3.1/../../../../arm-none-eabi/lib/thumb/v7e-m/nofp\libc_nano.a(libc_a-fstatr.o)
                0x080086c4                _fstat_r
 .text._isatty_r
                0x080086e8       0x20 S:/Softwares/STM32CubeIDE_1.18.1/STM32CubeIDE/plugins/com.st.stm32cube.ide.mcu.externaltools.gnu-tools-for-stm32.13.3.rel1.win32_1.0.0.202411081344/tools/bin/../lib/gcc/arm-none-eabi/13.3.1/../../../../arm-none-eabi/lib/thumb/v7e-m/nofp\libc_nano.a(libc_a-isattyr.o)
                0x080086e8                _isatty_r
 *(.glue_7)
 .glue_7        0x08008708        0x0 linker stubs
 *(.glue_7t)
 .glue_7t       0x08008708        0x0 linker stubs
 *(.eh_frame)
 .eh_frame      0x08008708        0x0 S:/Softwares/STM32CubeIDE_1.18.1/STM32CubeIDE/plugins/com.st.stm32cube.ide.mcu.externaltools.gnu-tools-for-stm32.13.3.rel1.win32_1.0.0.202411081344/tools/bin/../lib/gcc/arm-none-eabi/13.3.1/thumb/v7e-m/nofp/crtbegin.o
 *(.init)
 .init          0x08008708        0x4 S:/Softwares/STM32CubeIDE_1.18.1/STM32CubeIDE/plugins/com.st.stm32cube.ide.mcu.externaltools.gnu-tools-for-stm32.13.3.rel1.win32_1.0.0.202411081344/tools/bin/../lib/gcc/arm-none-eabi/13.3.1/thumb/v7e-m/nofp/crti.o
                0x08008708                _init
 .init          0x0800870c        0x8 S:/Softwares/STM32CubeIDE_1.18.1/STM32CubeIDE/plugins/com.st.stm32cube.ide.mcu.externaltools.gnu-tools-for-stm32.13.3.rel1.win32_1.0.0.202411081344/tools/bin/../lib/gcc/arm-none-eabi/13.3.1/thumb/v7e-m/nofp/crtn.o
 *(.fini)
 .fini          0x08008714        0x4 S:/Softwares/STM32CubeIDE_1.18.1/STM32CubeIDE/plugins/com.st.stm32cube.ide.mcu.externaltools.gnu-tools-for-stm32.13.3.rel1.win32_1.0.0.202411081344/tools/bin/../lib/gcc/arm-none-eabi/13.3.1/thumb/v7e-m/nofp/crti.o
                0x08008714                _fini
 .fini          0x08008718        0x8 S:/Softwares/STM32CubeIDE_1.18.1/STM32CubeIDE/plugins/com.st.stm32cube.ide.mcu.externaltools.gnu-tools-for-stm32.13.3.rel1.win32_1.0.0.202411081344/tools/bin/../lib/gcc/arm-none-eabi/13.3.1/thumb/v7e-m/nofp/crtn.o
                0x08008720                        . = ALIGN (0x4)
                0x08008720                        _etext = .

.vfp11_veneer   0x08008720        0x0
 .vfp11_veneer  0x08008720        0x0 linker stubs

.v4_bx          0x08008720        0x0
 .v4_bx         0x08008720        0x0 linker stubs

.iplt           0x08008720        0x0
 .iplt          0x08008720        0x0 S:/Softwares/STM32CubeIDE_1.18.1/STM32CubeIDE/plugins/com.st.stm32cube.ide.mcu.externaltools.gnu-tools-for-stm32.13.3.rel1.win32_1.0.0.202411081344/tools/bin/../lib/gcc/arm-none-eabi/13.3.1/thumb/v7e-m/nofp/crtbegin.o

.rodata         0x08008720      0x2a0
                0x08008720                        . = ALIGN (0x4)
 *(.rodata)
 .rodata        0x08008720        0xc ./Core/Src/main.o
 .rodata        0x0800872c       0x1c ./Drivers/STM32WLxx_HAL_Driver/Src/stm32wlxx_hal_rcc.o
 .rodata        0x08008748       0x10 ./Middlewares/Third_Party/SubGHz_Phy/stm32_radio_driver/radio.o
 *(.rodata*)
 .rodata.AHBPrescTable
                0x08008758       0x40 ./Core/Src/system_stm32wlxx.o
                0x08008758                AHBPrescTable
 .rodata.APBPrescTable
                0x08008798       0x20 ./Core/Src/system_stm32wlxx.o
                0x08008798                APBPrescTable
 .rodata.MSIRangeTable
                0x080087b8       0x40 ./Core/Src/system_stm32wlxx.o
                0x080087b8                MSIRangeTable
 .rodata.UTIL_TimerDriver
                0x080087f8       0x2c ./Core/Src/timer_if.o
                0x080087f8                UTIL_TimerDriver
 .rodata.UARTPrescTable
                0x08008824       0x18 ./Drivers/STM32WLxx_HAL_Driver/Src/stm32wlxx_hal_uart.o
                0x08008824                UARTPrescTable
 .rodata.numerator.1
                0x0800883c        0x8 ./Drivers/STM32WLxx_HAL_Driver/Src/stm32wlxx_hal_uart_ex.o
 .rodata.denominator.0
                0x08008844        0x8 ./Drivers/STM32WLxx_HAL_Driver/Src/stm32wlxx_hal_uart_ex.o
 .rodata.Radio  0x0800884c       0x8c ./Middlewares/Third_Party/SubGHz_Phy/stm32_radio_driver/radio.o
                0x0800884c                Radio
 .rodata.Bandwidths
                0x080088d8        0x3 ./Middlewares/Third_Party/SubGHz_Phy/stm32_radio_driver/radio.o
                0x080088d8                Bandwidths
 *fill*         0x080088db        0x1 
 .rodata.FskBandwidths
                0x080088dc       0xb0 ./Middlewares/Third_Party/SubGHz_Phy/stm32_radio_driver/radio_driver.o
 .rodata._vfprintf_r.str1.1
                0x0800898c       0x33 S:/Softwares/STM32CubeIDE_1.18.1/STM32CubeIDE/plugins/com.st.stm32cube.ide.mcu.externaltools.gnu-tools-for-stm32.13.3.rel1.win32_1.0.0.202411081344/tools/bin/../lib/gcc/arm-none-eabi/13.3.1/../../../../arm-none-eabi/lib/thumb/v7e-m/nofp\libc_nano.a(libc_a-nano-vfprintf.o)
                                 0x11 (size before relaxing)
 .rodata._printf_i.str1.1
                0x080089bf       0x22 S:/Softwares/STM32CubeIDE_1.18.1/STM32CubeIDE/plugins/com.st.stm32cube.ide.mcu.externaltools.gnu-tools-for-stm32.13.3.rel1.win32_1.0.0.202411081344/tools/bin/../lib/gcc/arm-none-eabi/13.3.1/../../../../arm-none-eabi/lib/thumb/v7e-m/nofp\libc_nano.a(libc_a-nano-vfprintf_i.o)
                0x080089e4                        . = ALIGN (0x4)
 *fill*         0x080089bf        0x1 

.ARM.extab      0x080089c0        0x0
                0x080089c0                        . = ALIGN (0x4)
 *(.ARM.extab* .gnu.linkonce.armextab.*)
                0x080089c0                        . = ALIGN (0x4)

.ARM            0x080089c0        0x8
                0x080089c0                        . = ALIGN (0x4)
                0x080089c0                        __exidx_start = .
 *(.ARM.exidx*)
 .ARM.exidx     0x080089c0        0x8 S:/Softwares/STM32CubeIDE_1.18.1/STM32CubeIDE/plugins/com.st.stm32cube.ide.mcu.externaltools.gnu-tools-for-stm32.13.3.rel1.win32_1.0.0.202411081344/tools/bin/../lib/gcc/arm-none-eabi/13.3.1/../../../../arm-none-eabi/lib/thumb/v7e-m/nofp\libc_nano.a(libc_a-memchr.o)
 .ARM.exidx     0x080089c8        0x0 S:/Softwares/STM32CubeIDE_1.18.1/STM32CubeIDE/plugins/com.st.stm32cube.ide.mcu.externaltools.gnu-tools-for-stm32.13.3.rel1.win32_1.0.0.202411081344/tools/bin/../lib/gcc/arm-none-eabi/13.3.1/thumb/v7e-m/nofp\libgcc.a(_udivmoddi4.o)
                                  0x8 (size before relaxing)
                0x080089c8                        __exidx_end = .
                0x080089c8                        . = ALIGN (0x4)

.preinit_array  0x080089c8        0x0
                0x080089c8                        . = ALIGN (0x4)
                0x080089c8                        PROVIDE (__preinit_array_start = .)
 *(.preinit_array*)
                0x080089c8                        PROVIDE (__preinit_array_end = .)
                0x080089c8                        . = ALIGN (0x4)

.init_array     0x080089c8        0x4
                0x080089c8                        . = ALIGN (0x4)
                0x080089c8                        PROVIDE (__init_array_start = .)
 *(SORT_BY_NAME(.init_array.*))
 *(.init_array*)
 .init_array    0x080089c8        0x4 S:/Softwares/STM32CubeIDE_1.18.1/STM32CubeIDE/plugins/com.st.stm32cube.ide.mcu.externaltools.gnu-tools-for-stm32.13.3.rel1.win32_1.0.0.202411081344/tools/bin/../lib/gcc/arm-none-eabi/13.3.1/thumb/v7e-m/nofp/crtbegin.o
                0x080089cc                        PROVIDE (__init_array_end = .)
                0x080089cc                        . = ALIGN (0x4)

.fini_array     0x080089cc        0x4
                0x080089cc                        . = ALIGN (0x4)
                [!provide]                        PROVIDE (__fini_array_start = .)
 *(SORT_BY_NAME(.fini_array.*))
 *(.fini_array*)
 .fini_array    0x080089cc        0x4 S:/Softwares/STM32CubeIDE_1.18.1/STM32CubeIDE/plugins/com.st.stm32cube.ide.mcu.externaltools.gnu-tools-for-stm32.13.3.rel1.win32_1.0.0.202411081344/tools/bin/../lib/gcc/arm-none-eabi/13.3.1/thumb/v7e-m/nofp/crtbegin.o
                [!provide]                        PROVIDE (__fini_array_end = .)
                0x080089d0                        . = ALIGN (0x4)
                0x080089d0                        _sidata = LOADADDR (.data)

.rel.dyn        0x080089d0        0x0
 .rel.iplt      0x080089d0        0x0 S:/Softwares/STM32CubeIDE_1.18.1/STM32CubeIDE/plugins/com.st.stm32cube.ide.mcu.externaltools.gnu-tools-for-stm32.13.3.rel1.win32_1.0.0.202411081344/tools/bin/../lib/gcc/arm-none-eabi/13.3.1/thumb/v7e-m/nofp/crtbegin.o

.data           0x20000000       0x68 load address 0x080089d0
                0x20000000                        . = ALIGN (0x4)
                0x20000000                        _sdata = .
 *(.data)
 *(.data*)
 .data.SystemCoreClock
                0x20000000        0x4 ./Core/Src/system_stm32wlxx.o
                0x20000000                SystemCoreClock
 .data.uwTickPrio
                0x20000004        0x4 ./Drivers/STM32WLxx_HAL_Driver/Src/stm32wlxx_hal.o
                0x20000004                uwTickPrio
 .data.uwTickFreq
                0x20000008        0x1 ./Drivers/STM32WLxx_HAL_Driver/Src/stm32wlxx_hal.o
                0x20000008                uwTickFreq
 .data.MaxPayloadLength
                0x20000009        0x1 ./Middlewares/Third_Party/SubGHz_Phy/stm32_radio_driver/radio.o
 *fill*         0x2000000a        0x2 
 .data.__sglue  0x2000000c        0xc S:/Softwares/STM32CubeIDE_1.18.1/STM32CubeIDE/plugins/com.st.stm32cube.ide.mcu.externaltools.gnu-tools-for-stm32.13.3.rel1.win32_1.0.0.202411081344/tools/bin/../lib/gcc/arm-none-eabi/13.3.1/../../../../arm-none-eabi/lib/thumb/v7e-m/nofp\libc_nano.a(libc_a-findfp.o)
                0x2000000c                __sglue
 .data._impure_ptr
                0x20000018        0x4 S:/Softwares/STM32CubeIDE_1.18.1/STM32CubeIDE/plugins/com.st.stm32cube.ide.mcu.externaltools.gnu-tools-for-stm32.13.3.rel1.win32_1.0.0.202411081344/tools/bin/../lib/gcc/arm-none-eabi/13.3.1/../../../../arm-none-eabi/lib/thumb/v7e-m/nofp\libc_nano.a(libc_a-impure.o)
                0x20000018                _impure_ptr
 .data._impure_data
                0x2000001c       0x4c S:/Softwares/STM32CubeIDE_1.18.1/STM32CubeIDE/plugins/com.st.stm32cube.ide.mcu.externaltools.gnu-tools-for-stm32.13.3.rel1.win32_1.0.0.202411081344/tools/bin/../lib/gcc/arm-none-eabi/13.3.1/../../../../arm-none-eabi/lib/thumb/v7e-m/nofp\libc_nano.a(libc_a-impure.o)
                0x2000001c                _impure_data
 *(.RamFunc)
 *(.RamFunc*)
                0x20000068                        . = ALIGN (0x4)
                0x20000068                        _edata = .

.igot.plt       0x20000068        0x0 load address 0x08008a38
 .igot.plt      0x20000068        0x0 S:/Softwares/STM32CubeIDE_1.18.1/STM32CubeIDE/plugins/com.st.stm32cube.ide.mcu.externaltools.gnu-tools-for-stm32.13.3.rel1.win32_1.0.0.202411081344/tools/bin/../lib/gcc/arm-none-eabi/13.3.1/thumb/v7e-m/nofp/crtbegin.o
                0x20000068                        . = ALIGN (0x4)

.bss            0x20000068      0x468 load address 0x08008a38
                0x20000068                        _sbss = .
                0x20000068                        __bss_start__ = _sbss
 *(.bss)
 .bss           0x20000068       0x1c S:/Softwares/STM32CubeIDE_1.18.1/STM32CubeIDE/plugins/com.st.stm32cube.ide.mcu.externaltools.gnu-tools-for-stm32.13.3.rel1.win32_1.0.0.202411081344/tools/bin/../lib/gcc/arm-none-eabi/13.3.1/thumb/v7e-m/nofp/crtbegin.o
 *(.bss*)
 .bss.hsubghz   0x20000084        0xc ./Core/Src/main.o
                0x20000084                hsubghz
 .bss.huart1    0x20000090       0x94 ./Core/Src/main.o
                0x20000090                huart1
 .bss.huart2    0x20000124       0x94 ./Core/Src/main.o
                0x20000124                huart2
 .bss.__sbrk_heap_end
                0x200001b8        0x4 ./Core/Src/sysmem.o
 .bss.RtcTimerContext
                0x200001bc        0x4 ./Core/Src/timer_if.o
 .bss.uwTick    0x200001c0        0x4 ./Drivers/STM32WLxx_HAL_Driver/Src/stm32wlxx_hal.o
                0x200001c0                uwTick
 .bss.RadioBuffer
                0x200001c4       0xff ./Middlewares/Third_Party/SubGHz_Phy/stm32_radio_driver/radio.o
 *fill*         0x200002c3        0x1 
 .bss.RadioEvents
                0x200002c4        0x4 ./Middlewares/Third_Party/SubGHz_Phy/stm32_radio_driver/radio.o
 .bss.SubgRf    0x200002c8       0x5c ./Middlewares/Third_Party/SubGHz_Phy/stm32_radio_driver/radio.o
                0x200002c8                SubgRf
 .bss.TxTimeoutTimer
                0x20000324       0x18 ./Middlewares/Third_Party/SubGHz_Phy/stm32_radio_driver/radio.o
                0x20000324                TxTimeoutTimer
 .bss.RxTimeoutTimer
                0x2000033c       0x18 ./Middlewares/Third_Party/SubGHz_Phy/stm32_radio_driver/radio.o
                0x2000033c                RxTimeoutTimer
 .bss.OperatingMode
                0x20000354        0x1 ./Middlewares/Third_Party/SubGHz_Phy/stm32_radio_driver/radio_driver.o
 .bss.PacketType
                0x20000355        0x1 ./Middlewares/Third_Party/SubGHz_Phy/stm32_radio_driver/radio_driver.o
 .bss.LoRaHeaderType
                0x20000356        0x1 ./Middlewares/Third_Party/SubGHz_Phy/stm32_radio_driver/radio_driver.o
 *fill*         0x20000357        0x1 
 .bss.FrequencyError
                0x20000358        0x4 ./Middlewares/Third_Party/SubGHz_Phy/stm32_radio_driver/radio_driver.o
                0x20000358                FrequencyError
 .bss.ImageCalibrated
                0x2000035c        0x1 ./Middlewares/Third_Party/SubGHz_Phy/stm32_radio_driver/radio_driver.o
 *fill*         0x2000035d        0x3 
 .bss.RadioOnDioIrqCb
                0x20000360        0x4 ./Middlewares/Third_Party/SubGHz_Phy/stm32_radio_driver/radio_driver.o
 .bss.RadioEvents
                0x20000364       0x1c ./SubGHz_Phy/App/subghz_phy_app.o
 .bss.TimerListHead
                0x20000380        0x4 ./Utilities/timer/stm32_timer.o
 .bss.__sf      0x20000384      0x138 S:/Softwares/STM32CubeIDE_1.18.1/STM32CubeIDE/plugins/com.st.stm32cube.ide.mcu.externaltools.gnu-tools-for-stm32.13.3.rel1.win32_1.0.0.202411081344/tools/bin/../lib/gcc/arm-none-eabi/13.3.1/../../../../arm-none-eabi/lib/thumb/v7e-m/nofp\libc_nano.a(libc_a-findfp.o)
                0x20000384                __sf
 .bss.__stdio_exit_handler
                0x200004bc        0x4 S:/Softwares/STM32CubeIDE_1.18.1/STM32CubeIDE/plugins/com.st.stm32cube.ide.mcu.externaltools.gnu-tools-for-stm32.13.3.rel1.win32_1.0.0.202411081344/tools/bin/../lib/gcc/arm-none-eabi/13.3.1/../../../../arm-none-eabi/lib/thumb/v7e-m/nofp\libc_nano.a(libc_a-findfp.o)
                0x200004bc                __stdio_exit_handler
 .bss.errno     0x200004c0        0x4 S:/Softwares/STM32CubeIDE_1.18.1/STM32CubeIDE/plugins/com.st.stm32cube.ide.mcu.externaltools.gnu-tools-for-stm32.13.3.rel1.win32_1.0.0.202411081344/tools/bin/../lib/gcc/arm-none-eabi/13.3.1/../../../../arm-none-eabi/lib/thumb/v7e-m/nofp\libc_nano.a(libc_a-reent.o)
                0x200004c0                errno
 .bss.__lock___malloc_recursive_mutex
                0x200004c4        0x1 S:/Softwares/STM32CubeIDE_1.18.1/STM32CubeIDE/plugins/com.st.stm32cube.ide.mcu.externaltools.gnu-tools-for-stm32.13.3.rel1.win32_1.0.0.202411081344/tools/bin/../lib/gcc/arm-none-eabi/13.3.1/../../../../arm-none-eabi/lib/thumb/v7e-m/nofp\libc_nano.a(libc_a-lock.o)
                0x200004c4                __lock___malloc_recursive_mutex
 .bss.__lock___sfp_recursive_mutex
                0x200004c5        0x1 S:/Softwares/STM32CubeIDE_1.18.1/STM32CubeIDE/plugins/com.st.stm32cube.ide.mcu.externaltools.gnu-tools-for-stm32.13.3.rel1.win32_1.0.0.202411081344/tools/bin/../lib/gcc/arm-none-eabi/13.3.1/../../../../arm-none-eabi/lib/thumb/v7e-m/nofp\libc_nano.a(libc_a-lock.o)
                0x200004c5                __lock___sfp_recursive_mutex
 *fill*         0x200004c6        0x2 
 .bss.__malloc_sbrk_start
                0x200004c8        0x4 S:/Softwares/STM32CubeIDE_1.18.1/STM32CubeIDE/plugins/com.st.stm32cube.ide.mcu.externaltools.gnu-tools-for-stm32.13.3.rel1.win32_1.0.0.202411081344/tools/bin/../lib/gcc/arm-none-eabi/13.3.1/../../../../arm-none-eabi/lib/thumb/v7e-m/nofp\libc_nano.a(libc_a-mallocr.o)
                0x200004c8                __malloc_sbrk_start
 .bss.__malloc_free_list
                0x200004cc        0x4 S:/Softwares/STM32CubeIDE_1.18.1/STM32CubeIDE/plugins/com.st.stm32cube.ide.mcu.externaltools.gnu-tools-for-stm32.13.3.rel1.win32_1.0.0.202411081344/tools/bin/../lib/gcc/arm-none-eabi/13.3.1/../../../../arm-none-eabi/lib/thumb/v7e-m/nofp\libc_nano.a(libc_a-mallocr.o)
                0x200004cc                __malloc_free_list
 *(COMMON)
                0x200004d0                        . = ALIGN (0x4)
                0x200004d0                        _ebss = .
                0x200004d0                        __bss_end__ = _ebss

._user_heap_stack
                0x200004d0      0x600 load address 0x08008a38
                0x200004d0                        . = ALIGN (0x8)
                [!provide]                        PROVIDE (end = .)
                0x200004d0                        PROVIDE (_end = .)
                0x200006d0                        . = (. + _Min_Heap_Size)
 *fill*         0x200004d0      0x200 
                0x20000ad0                        . = (. + _Min_Stack_Size)
 *fill*         0x200006d0      0x400 
                0x20000ad0                        . = ALIGN (0x8)

/DISCARD/
 libc.a(*)
 libm.a(*)
 libgcc.a(*)

.ARM.attributes
                0x00000000       0x2a
 *(.ARM.attributes)
 .ARM.attributes
                0x00000000       0x1e S:/Softwares/STM32CubeIDE_1.18.1/STM32CubeIDE/plugins/com.st.stm32cube.ide.mcu.externaltools.gnu-tools-for-stm32.13.3.rel1.win32_1.0.0.202411081344/tools/bin/../lib/gcc/arm-none-eabi/13.3.1/thumb/v7e-m/nofp/crti.o
 .ARM.attributes
                0x0000001e       0x2e S:/Softwares/STM32CubeIDE_1.18.1/STM32CubeIDE/plugins/com.st.stm32cube.ide.mcu.externaltools.gnu-tools-for-stm32.13.3.rel1.win32_1.0.0.202411081344/tools/bin/../lib/gcc/arm-none-eabi/13.3.1/thumb/v7e-m/nofp/crtbegin.o
 .ARM.attributes
                0x0000004c       0x2e ./Core/Src/main.o
 .ARM.attributes
                0x0000007a       0x2e ./Core/Src/stm32wlxx_hal_msp.o
 .ARM.attributes
                0x000000a8       0x2e ./Core/Src/stm32wlxx_it.o
 .ARM.attributes
                0x000000d6       0x2e ./Core/Src/sys_app.o
 .ARM.attributes
                0x00000104       0x2e ./Core/Src/syscalls.o
 .ARM.attributes
                0x00000132       0x2e ./Core/Src/sysmem.o
 .ARM.attributes
                0x00000160       0x2e ./Core/Src/system_stm32wlxx.o
 .ARM.attributes
                0x0000018e       0x2e ./Core/Src/timer_if.o
 .ARM.attributes
                0x000001bc       0x21 ./Core/Startup/startup_stm32wl55jcix.o
 .ARM.attributes
                0x000001dd       0x2e ./Drivers/STM32WLxx_HAL_Driver/Src/stm32wlxx_hal.o
 .ARM.attributes
                0x0000020b       0x2e ./Drivers/STM32WLxx_HAL_Driver/Src/stm32wlxx_hal_cortex.o
 .ARM.attributes
                0x00000239       0x2e ./Drivers/STM32WLxx_HAL_Driver/Src/stm32wlxx_hal_gpio.o
 .ARM.attributes
                0x00000267       0x2e ./Drivers/STM32WLxx_HAL_Driver/Src/stm32wlxx_hal_pwr.o
 .ARM.attributes
                0x00000295       0x2e ./Drivers/STM32WLxx_HAL_Driver/Src/stm32wlxx_hal_pwr_ex.o
 .ARM.attributes
                0x000002c3       0x2e ./Drivers/STM32WLxx_HAL_Driver/Src/stm32wlxx_hal_rcc.o
 .ARM.attributes
                0x000002f1       0x2e ./Drivers/STM32WLxx_HAL_Driver/Src/stm32wlxx_hal_rcc_ex.o
 .ARM.attributes
                0x0000031f       0x2e ./Drivers/STM32WLxx_HAL_Driver/Src/stm32wlxx_hal_subghz.o
 .ARM.attributes
                0x0000034d       0x2e ./Drivers/STM32WLxx_HAL_Driver/Src/stm32wlxx_hal_uart.o
 .ARM.attributes
                0x0000037b       0x2e ./Drivers/STM32WLxx_HAL_Driver/Src/stm32wlxx_hal_uart_ex.o
 .ARM.attributes
                0x000003a9       0x2e ./Middlewares/Third_Party/SubGHz_Phy/stm32_radio_driver/radio.o
 .ARM.attributes
                0x000003d7       0x2e ./Middlewares/Third_Party/SubGHz_Phy/stm32_radio_driver/radio_driver.o
 .ARM.attributes
                0x00000405       0x2e ./Middlewares/Third_Party/SubGHz_Phy/stm32_radio_driver/radio_fw.o
 .ARM.attributes
                0x00000433       0x2e ./SubGHz_Phy/App/app_subghz_phy.o
 .ARM.attributes
                0x00000461       0x2e ./SubGHz_Phy/App/subghz_phy_app.o
 .ARM.attributes
                0x0000048f       0x2e ./SubGHz_Phy/Target/radio_board_if.o
 .ARM.attributes
                0x000004bd       0x2e ./Utilities/misc/stm32_mem.o
 .ARM.attributes
                0x000004eb       0x2e ./Utilities/timer/stm32_timer.o
 .ARM.attributes