../Drivers/STM32WLxx_HAL_Driver/Inc/stm32wlxx_ll_bus.h:449:22:LL_AHB2_GRP1_EnableClock	24	static
../Core/Src/main.c:51:5:__io_putchar	16	static
../Core/Src/main.c:75:5:main	8	static
../Core/Src/main.c:124:6:SystemClock_Config	112	static
../Core/Src/main.c:172:6:MX_SUBGHZ_Init	8	static
../Core/Src/main.c:198:13:MX_USART1_UART_Init	8	static
../Core/Src/main.c:246:13:MX_USART2_UART_Init	8	static
../Core/Src/main.c:294:13:MX_GPIO_Init	32	static
../Core/Src/main.c:345:6:Error_Handler	4	static,ignoring_inline_asm
